
> explorer@ test /private/tmp/factory-url-independent/apps/explorer
> vitest --run


 RUN  v4.1.0 /private/tmp/factory-url-independent/apps/explorer

Using secrets defined in .env
Using secrets defined in .env
Using secrets defined in .env
Using secrets defined in .env
Using secrets defined in .env
Using secrets defined in .env
Using secrets defined in .env
Using secrets defined in .env
Using secrets defined in .env
Using secrets defined in .env
Using secrets defined in .env
Using secrets defined in .env
Using secrets defined in .env
[vpw:info] Starting runtime for ...
[vpw:info] Starting runtime for ...
[vpw:info] Starting runtime for ...
[vpw:info] Starting runtime for ...
[vpw:info] Starting runtime for ...
[vpw:info] Starting runtime for ...
[vpw:info] Starting runtime for ...
[vpw:info] Starting runtime for ...
[vpw:info] Starting runtime for ...
[vpw:info] Starting runtime for ...
[vpw:info] Starting runtime for ...
[vpw:info] Starting runtime for ...
[vpw:info] Starting runtime for ...
Using secrets defined in .env
[vpw:info] Starting runtime for ...
Using secrets defined in .env
[vpw:info] Starting runtime for ...
Using secrets defined in .env
[vpw:info] Starting runtime for ...
Using secrets defined in .env
[vpw:info] Starting runtime for ...
Using secrets defined in .env
[vpw:info] Starting runtime for ...
Using secrets defined in .env
[vpw:info] Starting runtime for ...
Using secrets defined in .env
[vpw:info] Starting runtime for ...
Using secrets defined in .env
[vpw:info] Starting runtime for ...
workerd/jsg/setup.c++:584: info: CODE_MOVED for unknown code block?
workerd/jsg/setup.c++:584: info: CODE_MOVED for unknown code block?
workerd/jsg/setup.c++:584: info: CODE_MOVED for unknown code block?
workerd/jsg/setup.c++:584: info: CODE_MOVED for unknown code block?
workerd/jsg/setup.c++:584: info: CODE_MOVED for unknown code block?
workerd/jsg/setup.c++:584: info: CODE_MOVED for unknown code block?
workerd/jsg/setup.c++:584: info: CODE_MOVED for unknown code block?
workerd/jsg/setup.c++:584: info: CODE_MOVED for unknown code block?
workerd/jsg/setup.c++:584: info: CODE_MOVED for unknown code block?
workerd/jsg/setup.c++:584: info: CODE_MOVED for unknown code block?

 Test Files  21 passed (21)
      Tests  205 passed (205)
   Start at  01:31:03
   Duration  11.55s (transform 26.08s, setup 0ms, import 70.56s, tests 560ms, environment 1ms)

