
> explorer@ test /Users/daniel/tempo/tempo-apps-factory/apps/explorer
> vitest --run


 RUN  v4.1.0 /Users/daniel/tempo/tempo-apps-factory/apps/explorer

Using secrets defined in .env
Using secrets defined in .env
Using secrets defined in .env
Using secrets defined in .env
Using secrets defined in .env
Using secrets defined in .env
Using secrets defined in .env
Using secrets defined in .env
Using secrets defined in .env
Using secrets defined in .env
Using secrets defined in .env
Using secrets defined in .env
Using secrets defined in .env
[vpw:info] Starting runtime for ...
[vpw:info] Starting runtime for ...
[vpw:info] Starting runtime for ...
[vpw:info] Starting runtime for ...
[vpw:info] Starting runtime for ...
[vpw:info] Starting runtime for ...
[vpw:info] Starting runtime for ...
[vpw:info] Starting runtime for ...
[vpw:info] Starting runtime for ...
[vpw:info] Starting runtime for ...
[vpw:info] Starting runtime for ...
[vpw:info] Starting runtime for ...
[vpw:info] Starting runtime for ...
Using secrets defined in .env
[vpw:info] Starting runtime for ...
Using secrets defined in .env
[vpw:info] Starting runtime for ...
Using secrets defined in .env
Using secrets defined in .env
[vpw:info] Starting runtime for ...
[vpw:info] Starting runtime for ...
Using secrets defined in .env
[vpw:info] Starting runtime for ...
Using secrets defined in .env
[vpw:info] Starting runtime for ...
Using secrets defined in .env
[vpw:info] Starting runtime for ...
Using secrets defined in .env
[vpw:info] Starting runtime for ...
workerd/jsg/setup.c++:584: info: CODE_MOVED for unknown code block?
workerd/jsg/setup.c++:584: info: CODE_MOVED for unknown code block?
workerd/jsg/setup.c++:584: info: CODE_MOVED for unknown code block?
workerd/jsg/setup.c++:584: info: CODE_MOVED for unknown code block?

 Test Files  21 passed (21)
      Tests  205 passed (205)
   Start at  01:33:06
   Duration  10.87s (transform 34.18s, setup 0ms, import 80.68s, tests 565ms, environment 1ms)

