
> explorer@ test /Users/daniel/tempo/tempo-apps-factory-combined/apps/explorer
> vitest --run


 RUN  v4.1.0 /Users/daniel/tempo/tempo-apps-factory-combined/apps/explorer

Using secrets defined in .env
Using secrets defined in .env
Using secrets defined in .env
Using secrets defined in .env
Using secrets defined in .env
Using secrets defined in .env
Using secrets defined in .env
Using secrets defined in .env
Using secrets defined in .env
Using secrets defined in .env
Using secrets defined in .env
Using secrets defined in .env
Using secrets defined in .env
[vpw:info] Starting runtime for ...
[vpw:info] Starting runtime for ...
[vpw:info] Starting runtime for ...
[vpw:info] Starting runtime for ...
[vpw:info] Starting runtime for ...
[vpw:info] Starting runtime for ...
[vpw:info] Starting runtime for ...
[vpw:info] Starting runtime for ...
[vpw:info] Starting runtime for ...
[vpw:info] Starting runtime for ...
[vpw:info] Starting runtime for ...
[vpw:info] Starting runtime for ...
[vpw:info] Starting runtime for ...
Using secrets defined in .env
[vpw:info] Starting runtime for ...
Using secrets defined in .env
Using secrets defined in .env
[vpw:info] Starting runtime for ...
[vpw:info] Starting runtime for ...
Using secrets defined in .env
[vpw:info] Starting runtime for ...
Using secrets defined in .env
[vpw:info] Starting runtime for ...
Using secrets defined in .env
Using secrets defined in .env
[vpw:info] Starting runtime for ...
[vpw:info] Starting runtime for ...
Using secrets defined in .env
[vpw:info] Starting runtime for ...

 Test Files  21 passed (21)
      Tests  205 passed (205)
   Start at  01:33:14
   Duration  13.96s (transform 44.94s, setup 0ms, import 101.25s, tests 571ms, environment 0ms)

