click http://127.0.0.1:3002/ Skip to content
Testnet
Simulate
37659656
Search
Explore
Discover
Account
Contract
Receipt
Blocks
Tokens
About
Docs
GitHub
Feedback
submit http://127.0.0.1:3002/ Skip to content
Testnet
Simulate
37659663
Search
Explore
Discover
Account
Contract
Receipt
Blocks
Tokens
About
Docs
GitHub
Feedback
locator.fill: Timeout 30000ms exceeded.
Call log:
[2m  - waiting for locator('input[name="explore-query"]').visible().first()[22m

    at /private/tmp/factory-browser/url-search.cjs:35:92 {
  log: [
    `  - waiting for locator('input[name="explore-query"]').visible().first()`
  ],
  name: 'TimeoutError'
}
