
> explorer@ test /Users/daniel/tempo/tempo-apps-factory/apps/explorer
> vitest --run


 RUN  v4.1.0 /Users/daniel/tempo/tempo-apps-factory/apps/explorer

Using secrets defined in .env
Using secrets defined in .env
Using secrets defined in .env
Using secrets defined in .env
Using secrets defined in .env
Using secrets defined in .env
Using secrets defined in .env
Using secrets defined in .env
Using secrets defined in .env
Using secrets defined in .env
Using secrets defined in .env
Using secrets defined in .env
Using secrets defined in .env
[vpw:info] Starting runtime for ...
[vpw:info] Starting runtime for ...
[vpw:info] Starting runtime for ...
[vpw:info] Starting runtime for ...
[vpw:info] Starting runtime for ...
[vpw:info] Starting runtime for ...
[vpw:info] Starting runtime for ...
[vpw:info] Starting runtime for ...
[vpw:info] Starting runtime for ...
[vpw:info] Starting runtime for ...
[vpw:info] Starting runtime for ...
[vpw:info] Starting runtime for ...
[vpw:info] Starting runtime for ...
Using secrets defined in .env
[vpw:info] Starting runtime for ...
Using secrets defined in .env
[vpw:info] Starting runtime for ...
Using secrets defined in .env
[vpw:info] Starting runtime for ...
Using secrets defined in .env
[vpw:info] Starting runtime for ...
Using secrets defined in .env
[vpw:info] Starting runtime for ...
Using secrets defined in .env
[vpw:info] Starting runtime for ...
Using secrets defined in .env
[vpw:info] Starting runtime for ...
Using secrets defined in .env
[vpw:info] Starting runtime for ...

 Test Files  21 passed (21)
      Tests  205 passed (205)
   Start at  01:16:35
   Duration  24.38s (transform 70.31s, setup 0ms, import 132.47s, tests 576ms, environment 1ms)

