
> explorer@ test /Users/daniel/tempo/tempo-apps-factory/apps/explorer
> vitest --run


 RUN  v4.1.0 /Users/daniel/tempo/tempo-apps-factory/apps/explorer

Using secrets defined in .env
Using secrets defined in .env
Using secrets defined in .env
Using secrets defined in .env
Using secrets defined in .env
Using secrets defined in .env
Using secrets defined in .env
Using secrets defined in .env
Using secrets defined in .env
Using secrets defined in .env
Using secrets defined in .env
Using secrets defined in .env
Using secrets defined in .env
[vpw:info] Starting runtime for ...
[vpw:info] Starting runtime for ...
[vpw:info] Starting runtime for ...
[vpw:info] Starting runtime for ...
[vpw:info] Starting runtime for ...
[vpw:info] Starting runtime for ...
[vpw:info] Starting runtime for ...
[vpw:info] Starting runtime for ...
[vpw:info] Starting runtime for ...
[vpw:info] Starting runtime for ...
[vpw:info] Starting runtime for ...
[vpw:info] Starting runtime for ...
[vpw:info] Starting runtime for ...
Using secrets defined in .env
[vpw:info] Starting runtime for ...
Using secrets defined in .env
[vpw:info] Starting runtime for ...
Using secrets defined in .env
[vpw:info] Starting runtime for ...
Using secrets defined in .env
Using secrets defined in .env
[vpw:info] Starting runtime for ...
[vpw:info] Starting runtime for ...
Using secrets defined in .env
[vpw:info] Starting runtime for ...
Using secrets defined in .env
[vpw:info] Starting runtime for ...
Using secrets defined in .env
[vpw:info] Starting runtime for ...
workerd/jsg/setup.c++:584: info: CODE_MOVED for unknown code block?
workerd/jsg/setup.c++:584: info: CODE_MOVED for unknown code block?
workerd/jsg/setup.c++:584: info: CODE_MOVED for unknown code block?
workerd/jsg/setup.c++:584: info: CODE_MOVED for unknown code block?
workerd/jsg/setup.c++:584: info: CODE_MOVED for unknown code block?
workerd/jsg/setup.c++:584: info: CODE_MOVED for unknown code block?
workerd/jsg/setup.c++:584: info: CODE_MOVED for unknown code block?
workerd/jsg/setup.c++:584: info: CODE_MOVED for unknown code block?
workerd/jsg/setup.c++:584: info: CODE_MOVED for unknown code block?
workerd/jsg/setup.c++:584: info: CODE_MOVED for unknown code block?
workerd/jsg/setup.c++:584: info: CODE_MOVED for unknown code block?
workerd/jsg/setup.c++:584: info: CODE_MOVED for unknown code block?
workerd/jsg/setup.c++:584: info: CODE_MOVED for unknown code block?
workerd/jsg/setup.c++:584: info: CODE_MOVED for unknown code block?
workerd/jsg/setup.c++:584: info: CODE_MOVED for unknown code block?
workerd/jsg/setup.c++:584: info: CODE_MOVED for unknown code block?
workerd/jsg/setup.c++:584: info: CODE_MOVED for unknown code block?
workerd/jsg/setup.c++:584: info: CODE_MOVED for unknown code block?
workerd/jsg/setup.c++:584: info: CODE_MOVED for unknown code block?
workerd/jsg/setup.c++:584: info: CODE_MOVED for unknown code block?
workerd/jsg/setup.c++:584: info: CODE_MOVED for unknown code block?
workerd/jsg/setup.c++:584: info: CODE_MOVED for unknown code block?
workerd/jsg/setup.c++:584: info: CODE_MOVED for unknown code block?
workerd/jsg/setup.c++:584: info: CODE_MOVED for unknown code block?
workerd/jsg/setup.c++:584: info: CODE_MOVED for unknown code block?
workerd/jsg/setup.c++:584: info: CODE_MOVED for unknown code block?
workerd/jsg/setup.c++:584: info: CODE_MOVED for unknown code block?
workerd/jsg/setup.c++:584: info: CODE_MOVED for unknown code block?
workerd/jsg/setup.c++:584: info: CODE_MOVED for unknown code block?
workerd/jsg/setup.c++:584: info: CODE_MOVED for unknown code block?
workerd/jsg/setup.c++:584: info: CODE_MOVED for unknown code block?
workerd/jsg/setup.c++:584: info: CODE_MOVED for unknown code block?
workerd/jsg/setup.c++:584: info: CODE_MOVED for unknown code block?
workerd/jsg/setup.c++:584: info: CODE_MOVED for unknown code block?
workerd/jsg/setup.c++:584: info: CODE_MOVED for unknown code block?
workerd/jsg/setup.c++:584: info: CODE_MOVED for unknown code block?
workerd/jsg/setup.c++:584: info: CODE_MOVED for unknown code block?
workerd/jsg/setup.c++:584: info: CODE_MOVED for unknown code block?
workerd/jsg/setup.c++:584: info: CODE_MOVED for unknown code block?
workerd/jsg/setup.c++:584: info: CODE_MOVED for unknown code block?
workerd/jsg/setup.c++:584: info: CODE_MOVED for unknown code block?
workerd/jsg/setup.c++:584: info: CODE_MOVED for unknown code block?

 Test Files  21 passed (21)
      Tests  205 passed (205)
   Start at  00:57:31
   Duration  10.93s (transform 32.53s, setup 0ms, import 77.27s, tests 562ms, environment 2ms)

