
> explorer@ build /Users/daniel/tempo/tempo-apps-factory-url/apps/explorer
> vite build

vite v8.0.7 building client environment for production...
[2Ktransforming...[plugin rolldown:vite-resolve] Module "node:async_hooks" has been externalized for browser compatibility, imported by "/Users/daniel/tempo/tempo-apps-factory-url/node_modules/.pnpm/@sentry+cloudflare@10.45.0/node_modules/@sentry/cloudflare/build/esm/async.js". See https://vite.dev/guide/troubleshooting.html#module-externalized-for-browser-compatibility for more details.
✓ 7023 modules transformed.
rendering chunks...
computing gzip size...
dist/client/.assetsignore                                      0.02 kB
dist/client/assets/json-highlighter-C3p2vsMn.js              187.40 kB
dist/client/assets/worker-Bwqn06PM.js                        828.39 kB
dist/client/assets/styles-BlvE8W67.css                       103.56 kB │ gzip:  19.19 kB
dist/client/assets/_address-DGSC5kjU.js                        0.03 kB │ gzip:   0.05 kB
dist/client/assets/search-BvzvP6Fd.js                          0.03 kB │ gzip:   0.05 kB
dist/client/assets/watchAsset-83xvz6iv.js                      0.11 kB │ gzip:   0.11 kB
dist/client/assets/_layout-BHdhF4xg.js                         0.20 kB │ gzip:   0.17 kB
dist/client/assets/_id-AUYeDR7O.js                             0.21 kB │ gzip:   0.19 kB
dist/client/assets/countdown._targetBlock-DRJurA1M.js          0.22 kB │ gzip:   0.20 kB
dist/client/assets/_hash-CSTOLmW4.js                           0.23 kB │ gzip:   0.20 kB
dist/client/assets/_hash-4fM5Y99C.js                           0.24 kB │ gzip:   0.20 kB
dist/client/assets/native-BcY_6xbu.js                          0.30 kB │ gzip:   0.17 kB
dist/client/assets/tx-DwZJIRZV.js                              0.31 kB │ gzip:   0.24 kB
dist/client/assets/useLocation-Z-3hnEvD.js                     0.37 kB │ gzip:   0.26 kB
dist/client/assets/useChains-DoXg_XMT.js                       0.46 kB │ gzip:   0.31 kB
dist/client/assets/check-Dt9_MFBt.js                           0.48 kB │ gzip:   0.34 kB
dist/client/assets/_id-DZD0Ekdg.js                             0.52 kB │ gzip:   0.32 kB
dist/client/assets/fee-amm-B11WCB__.js                         0.53 kB │ gzip:   0.35 kB
dist/client/assets/codeowners-VCrFHAyX.js                      0.54 kB │ gzip:   0.31 kB
dist/client/assets/play-CQP5TAC4.js                            0.54 kB │ gzip:   0.38 kB
dist/client/assets/demo-n0F1bdp5.js                            0.56 kB │ gzip:   0.35 kB
dist/client/assets/download-CCuSZHEm.js                        0.58 kB │ gzip:   0.38 kB
dist/client/assets/TokenIcon-BAhDfCZn.js                       0.58 kB │ gzip:   0.42 kB
dist/client/assets/Address-8r_nSdTd.js                         0.62 kB │ gzip:   0.41 kB
dist/client/assets/coins-Bmx72bki.js                           0.63 kB │ gzip:   0.41 kB
dist/client/assets/link-DNBM7kXB.js                            0.64 kB │ gzip:   0.40 kB
dist/client/assets/TransactionCell-CA_6Tknm.js                 0.66 kB │ gzip:   0.36 kB
dist/client/assets/rolldown-runtime-Dw2cE7zH.js                0.68 kB │ gzip:   0.41 kB
dist/client/assets/deepEqual-DfCU92rV.js                       0.69 kB │ gzip:   0.31 kB
dist/client/assets/empty-state-zU6ZkdNi.js                     0.70 kB │ gzip:   0.44 kB
dist/client/assets/CopyButton-Cd24uskK.js                      0.71 kB │ gzip:   0.46 kB
dist/client/assets/shellsession-BvhfNeg3.js                    0.71 kB │ gzip:   0.43 kB
dist/client/assets/tsv-D7dp2eL6.js                             0.73 kB │ gzip:   0.33 kB
dist/client/assets/html-derivative-t7Bt0eyW.js                 0.84 kB │ gzip:   0.45 kB
dist/client/assets/_hash-LZXXb-nb.js                           0.90 kB │ gzip:   0.56 kB
dist/client/assets/git-rebase-B-sL6AQV.js                      0.98 kB │ gzip:   0.44 kB
dist/client/assets/qmldir-BZYAvdK_.js                          0.99 kB │ gzip:   0.44 kB
dist/client/assets/csv-BdeNN3Pa.js                             1.13 kB │ gzip:   0.36 kB
dist/client/assets/InfoCard-Cu_vOQPp.js                        1.21 kB │ gzip:   0.58 kB
dist/client/assets/git-commit-B71lEa90.js                      1.22 kB │ gzip:   0.52 kB
dist/client/assets/pagination-B_OBeqYw.js                      1.24 kB │ gzip:   0.55 kB
dist/client/assets/xsl-JNj7vfZD.js                             1.36 kB │ gzip:   0.49 kB
dist/client/assets/dotenv-Bdh6DR-D.js                          1.41 kB │ gzip:   0.52 kB
dist/client/assets/sparql-DBqEx4uw.js                          1.47 kB │ gzip:   0.81 kB
dist/client/assets/TimeFormat-L_T5PUwj.js                      1.49 kB │ gzip:   0.65 kB
dist/client/assets/ini-DdHmBcLh.js                             1.51 kB │ gzip:   0.49 kB
dist/client/assets/fortran-fixed-form-C2ZxINg_.js              1.66 kB │ gzip:   0.68 kB
dist/client/assets/docker-BauEnLIU.js                          1.73 kB │ gzip:   0.59 kB
dist/client/assets/hxml-2nSS1XTs.js                            1.74 kB │ gzip:   0.87 kB
dist/client/assets/desktop-COrXN5Hm.js                         1.82 kB │ gzip:   0.75 kB
dist/client/assets/erb-BroSXuUf.js                             2.13 kB │ gzip:   0.62 kB
dist/client/assets/wenyan-CQz471Nd.js                          2.15 kB │ gzip:   1.08 kB
dist/client/assets/jssm-D_P_TayG.js                            2.23 kB │ gzip:   0.61 kB
dist/client/assets/edge-Caex75Q2.js                            2.30 kB │ gzip:   0.67 kB
dist/client/assets/reg-DnWpbweW.js                             2.33 kB │ gzip:   0.69 kB
dist/client/assets/TxTransactionRow-DKDDWVlT.js                2.54 kB │ gzip:   1.15 kB
dist/client/assets/diff-Cs1UEcV3.js                            2.56 kB │ gzip:   0.68 kB
dist/client/assets/gleam-zw-gRnJB.js                           2.57 kB │ gzip:   0.81 kB
dist/client/assets/hy-DBJKAZpJ.js                              2.64 kB │ gzip:   1.17 kB
dist/client/assets/openscad-Bk6V0YtF.js                        2.81 kB │ gzip:   1.00 kB
dist/client/assets/log-BltRE4tR.js                             2.84 kB │ gzip:   0.89 kB
dist/client/assets/ccip-DU6ipp5-.js                            2.85 kB │ gzip:   1.32 kB
dist/client/assets/json-DUAtjZZr.js                            2.89 kB │ gzip:   0.82 kB
dist/client/assets/cairo-Cojt69sn.js                           2.93 kB │ gzip:   0.80 kB
dist/client/assets/berry-PIQCI7zZ.js                           2.99 kB │ gzip:   0.80 kB
dist/client/assets/jsonl-CXt9l7ZO.js                           3.00 kB │ gzip:   0.78 kB
dist/client/assets/_address-DXv1mYC7.js                        3.05 kB │ gzip:   1.24 kB
dist/client/assets/jsonc-Ci_N-dPQ.js                           3.10 kB │ gzip:   0.78 kB
dist/client/assets/logo-B6vtuN_O.js                            3.12 kB │ gzip:   1.46 kB
dist/client/assets/po-Dfu89acj.js                              3.23 kB │ gzip:   0.90 kB
dist/client/assets/json5-DzFRMg4I.js                           3.24 kB │ gzip:   0.82 kB
dist/client/assets/mipsasm-Du7-9Atd.js                         3.25 kB │ gzip:   1.17 kB
dist/client/assets/tasl-Dwj2BulC.js                            3.28 kB │ gzip:   0.84 kB
dist/client/assets/genie-5K0lM5Wg.js                           3.34 kB │ gzip:   1.20 kB
dist/client/assets/rel-oDZfNfnt.js                             3.36 kB │ gzip:   1.10 kB
dist/client/assets/vala-DUL5bt4M.js                            3.36 kB │ gzip:   1.18 kB
dist/client/assets/useConnection-D6lwnW3v.js                   3.37 kB │ gzip:   1.34 kB
dist/client/assets/splunk-ult8dHG3.js                          3.42 kB │ gzip:   1.51 kB
dist/client/assets/tokens-D2hWoVfI.js                          3.47 kB │ gzip:   1.46 kB
dist/client/assets/hurl-xx9kTS4z.js                            3.51 kB │ gzip:   1.09 kB
dist/client/assets/address-B-3zdXUW.js                         3.59 kB │ gzip:   1.51 kB
dist/client/assets/fluent-Cq0Q90i4.js                          3.60 kB │ gzip:   0.89 kB
dist/client/assets/ssh-config-JxOJOq-a.js                      3.61 kB │ gzip:   1.59 kB
dist/client/assets/jsonnet-D4petSQ8.js                         3.61 kB │ gzip:   1.03 kB
dist/client/assets/kdl-EdohbBnQ.js                             3.62 kB │ gzip:   1.03 kB
dist/client/assets/narrat-DT0IO2GQ.js                          3.66 kB │ gzip:   1.09 kB
dist/client/assets/turtle-C-CqzXxR.js                          3.69 kB │ gzip:   0.96 kB
dist/client/assets/glsl-B_6VfVjG.js                            3.69 kB │ gzip:   1.46 kB
dist/client/assets/zenscript-C69e-YpN.js                       3.90 kB │ gzip:   1.28 kB
dist/client/assets/ron-BiytHvvM.js                             3.90 kB │ gzip:   0.97 kB
dist/client/assets/gn-C4cgMw5I.js                              3.99 kB │ gzip:   1.47 kB
dist/client/assets/countdown._targetBlock-CS-C-NDc.js          4.05 kB │ gzip:   1.55 kB
dist/client/assets/pascal-6A6vxxl6.js                          4.14 kB │ gzip:   1.67 kB
dist/client/assets/http-B4E6deqW.js                            4.41 kB │ gzip:   1.06 kB
dist/client/assets/tcl-BMSxNORZ.js                             4.42 kB │ gzip:   1.50 kB
dist/client/assets/nextflow-CcU78_Hs.js                        4.50 kB │ gzip:   1.16 kB
dist/client/assets/rosmsg-BHS4OL-h.js                          4.51 kB │ gzip:   1.05 kB
dist/client/assets/Sections-5h6AlBM5.js                        4.56 kB │ gzip:   1.57 kB
dist/client/assets/Amount-CM--d5n-.js                          4.60 kB │ gzip:   2.11 kB
dist/client/assets/polar-CTylkSRZ.js                           4.66 kB │ gzip:   1.12 kB
dist/client/assets/sdbl-D9nDRcVU.js                            4.69 kB │ gzip:   2.00 kB
dist/client/assets/fennel-zXhNkb-6.js                          4.76 kB │ gzip:   1.53 kB
dist/client/assets/bibtex-NNsAwzwP.js                          4.78 kB │ gzip:   0.83 kB
dist/client/assets/FeeAmmPools-MV7tgjh_.js                     4.88 kB │ gzip:   1.58 kB
dist/client/assets/TxEventDescription-BfH4aA6d.js              4.89 kB │ gzip:   1.83 kB
dist/client/assets/llvm-BZC2VOoT.js                            5.04 kB │ gzip:   2.01 kB
dist/client/assets/wgsl--PSukuFh.js                            5.13 kB │ gzip:   1.38 kB
dist/client/assets/DataGrid-hFjoxGUK.js                        5.17 kB │ gzip:   2.22 kB
dist/client/assets/gdresource-5jtBGqxM.js                      5.28 kB │ gzip:   1.33 kB
dist/client/assets/zig-DlqnVnmi.js                             5.33 kB │ gzip:   1.55 kB
dist/client/assets/qml-XpoemkGf.js                             5.33 kB │ gzip:   1.38 kB
dist/client/assets/dax-Du71GP_Z.js                             5.35 kB │ gzip:   2.21 kB
dist/client/assets/bicep-Ce9Sd6G7.js                           5.37 kB │ gzip:   1.14 kB
dist/client/assets/xml-B42flg_N.js                             5.44 kB │ gzip:   1.24 kB
dist/client/assets/awk-CsOJwxTy.js                             5.45 kB │ gzip:   1.37 kB
dist/client/assets/coq-ztR2_Jw3.js                             5.54 kB │ gzip:   1.91 kB
dist/client/assets/_id-C4eWkM5h.js                             5.59 kB │ gzip:   2.08 kB
dist/client/assets/_layout-D163zr_m.js                         5.62 kB │ gzip:   1.83 kB
dist/client/assets/jinja-D6F36zsy.js                           5.62 kB │ gzip:   1.36 kB
dist/client/assets/lean-Byha0wQ1.js                            5.77 kB │ gzip:   1.91 kB
dist/client/assets/moonbit-CM4e34g5.js                         5.89 kB │ gzip:   1.67 kB
dist/client/assets/powerquery-DRuD34nK.js                      5.89 kB │ gzip:   1.51 kB
dist/client/assets/shaderlab-C6vw4YW-.js                       5.91 kB │ gzip:   2.08 kB
dist/client/assets/verilog-Dty3B_T3.js                         5.92 kB │ gzip:   1.89 kB
dist/client/assets/cypher-DnoLtFNi.js                          5.94 kB │ gzip:   1.71 kB
dist/client/assets/fee-amm-CzjeM2lB.js                         6.06 kB │ gzip:   2.34 kB
dist/client/assets/vb-CVbRWuLQ.js                              6.08 kB │ gzip:   2.33 kB
dist/client/assets/blocks-BYYZX1uZ.js                          6.22 kB │ gzip:   2.28 kB
dist/client/assets/red-BMk4q-z8.js                             6.25 kB │ gzip:   1.59 kB
dist/client/assets/min-dark-BpcOX-_U.js                        6.28 kB │ gzip:   1.70 kB
dist/client/assets/gdshader-BrKJi2dV.js                        6.31 kB │ gzip:   1.72 kB
dist/client/assets/prisma-CjZkfrCj.js                          6.32 kB │ gzip:   1.38 kB
dist/client/assets/ara-Ddxf_4FK.js                             6.35 kB │ gzip:   1.80 kB
dist/client/assets/clojure-F6b56Rlb.js                         6.40 kB │ gzip:   1.41 kB
dist/client/assets/postcss-DbSUZBmG.js                         6.41 kB │ gzip:   1.90 kB
dist/client/assets/toml-DEWB7R-w.js                            6.41 kB │ gzip:   1.28 kB
dist/client/assets/solarized-light-CQjRTnzv.js                 6.47 kB │ gzip:   1.71 kB
dist/client/assets/proto-CRmJGAwP.js                           6.54 kB │ gzip:   1.41 kB
dist/client/assets/smalltalk-CVLQWUOx.js                       6.58 kB │ gzip:   1.61 kB
dist/client/assets/r-jIDBbGa0.js                               6.60 kB │ gzip:   1.83 kB
dist/client/assets/talonscript-BuEvGZLN.js                     6.75 kB │ gzip:   1.48 kB
dist/client/assets/solarized-dark-C_MouAp7.js                  6.84 kB │ gzip:   1.78 kB
dist/client/assets/riscv-CqiqEw_R.js                           6.90 kB │ gzip:   1.97 kB
dist/client/assets/soy-Dt-aumbi.js                             6.92 kB │ gzip:   1.62 kB
dist/client/assets/min-light-CExTd48Y.js                       6.96 kB │ gzip:   1.88 kB
dist/client/assets/scheme-B4ume51A.js                          7.16 kB │ gzip:   2.04 kB
dist/client/assets/hlsl-VWljcBc9.js                            7.25 kB │ gzip:   2.18 kB
dist/client/assets/qss-Bpu_lXo0.js                             7.46 kB │ gzip:   2.57 kB
dist/client/assets/dart-MfE2rDIW.js                            7.80 kB │ gzip:   1.91 kB
dist/client/assets/systemd-ci946Bk2.js                         7.86 kB │ gzip:   2.54 kB
dist/client/assets/monokai-ZjLgUMgJ.js                         7.88 kB │ gzip:   1.90 kB
dist/client/assets/regexp-BPbFgqXy.js                          8.05 kB │ gzip:   1.47 kB
dist/client/assets/haml-wQmBm72F.js                            8.33 kB │ gzip:   1.86 kB
dist/client/assets/typst-CQbAtnW4.js                           8.38 kB │ gzip:   1.66 kB
dist/client/assets/vue-html-DZIUOC64.js                        8.47 kB │ gzip:   1.68 kB
dist/client/assets/plsql-Cz9uniYi.js                           8.50 kB │ gzip:   2.99 kB
dist/client/assets/horizon-oCZ0-yAB.js                         8.77 kB │ gzip:   1.94 kB
dist/client/assets/kotlin-BvXxj45d.js                          8.77 kB │ gzip:   2.12 kB
dist/client/assets/horizon-bright-BoLBhn5K.js                  8.78 kB │ gzip:   1.96 kB
dist/client/assets/ts-tags-BQSnJtcB.js                         8.92 kB │ gzip:   1.20 kB
dist/client/assets/make-y7_58V7-.js                            8.95 kB │ gzip:   1.76 kB
dist/client/assets/andromeeda-DuL5ZbIV.js                      9.01 kB │ gzip:   2.35 kB
dist/client/assets/sas-CRztGMr2.js                             9.06 kB │ gzip:   3.82 kB
dist/client/assets/dark-plus-B4Yd3KI4.js                       9.09 kB │ gzip:   2.10 kB
dist/client/assets/slack-dark-Bi2SXrkZ.js                      9.11 kB │ gzip:   1.96 kB
dist/client/assets/sass-D6G31qbv.js                            9.28 kB │ gzip:   2.48 kB
dist/client/assets/plastic-Cq-TszH7.js                         9.29 kB │ gzip:   1.96 kB
dist/client/assets/slack-ochin-CTHGF0-A.js                     9.42 kB │ gzip:   2.08 kB
dist/client/assets/tex-JKERUwr2.js                             9.67 kB │ gzip:   3.06 kB
dist/client/assets/jison-58hkATJH.js                           9.69 kB │ gzip:   1.86 kB
dist/client/assets/cmake-8mN1bXvr.js                           9.84 kB │ gzip:   3.37 kB
dist/client/assets/light-plus-BKmMb9A9.js                      9.93 kB │ gzip:   2.27 kB
dist/client/assets/hcl-Cg4qFGI9.js                            10.04 kB │ gzip:   1.93 kB
dist/client/assets/rst-B-3ybCZD.js                            10.31 kB │ gzip:   2.24 kB
dist/client/assets/pkl-BLALo3TM.js                            10.36 kB │ gzip:   1.37 kB
dist/client/assets/beancount-BAZ3DQdY.js                      10.36 kB │ gzip:   1.43 kB
dist/client/assets/nextflow-groovy-D37Ne3EE.js                10.39 kB │ gzip:   2.12 kB
dist/client/assets/dream-maker-BEMbM7zU.js                    10.46 kB │ gzip:   2.25 kB
dist/client/assets/raku-CXdBz9SH.js                           10.46 kB │ gzip:   2.94 kB
dist/client/assets/yaml-DQufXVtq.js                           10.57 kB │ gzip:   2.32 kB
dist/client/assets/just-D6UTZd0S.js                           10.76 kB │ gzip:   2.60 kB
dist/client/assets/elm-Df3oPJ_3.js                            10.94 kB │ gzip:   2.10 kB
dist/client/assets/github-light-CAznm6Ff.js                   11.18 kB │ gzip:   2.49 kB
dist/client/assets/prolog-Di60HD6C.js                         11.34 kB │ gzip:   3.84 kB
dist/client/assets/terraform-DAbNCbvu.js                      11.38 kB │ gzip:   2.51 kB
dist/client/assets/github-dark-Dvm0attL.js                    11.40 kB │ gzip:   2.53 kB
dist/client/assets/puppet-CbuL3XFm.js                         11.43 kB │ gzip:   2.10 kB
dist/client/assets/laserwave-DHNGElbo.js                      11.49 kB │ gzip:   2.57 kB
dist/client/assets/gherkin-Bv6lHYbc.js                        11.93 kB │ gzip:   5.04 kB
dist/client/assets/wasm-G7fwsPEe.js                           12.00 kB │ gzip:   2.17 kB
dist/client/assets/hjson-D4XZyOhi.js                          12.04 kB │ gzip:   1.64 kB
dist/client/assets/handlebars-DE5Mq3Kh.js                     12.16 kB │ gzip:   2.38 kB
dist/client/assets/apache-B8HYc_Zo.js                         12.44 kB │ gzip:   3.71 kB
dist/client/assets/vesper-C-HJ48iV.js                         12.68 kB │ gzip:   1.98 kB
dist/client/assets/bat-CMqBo-4W.js                            12.88 kB │ gzip:   3.22 kB
dist/client/assets/fish-1b0FlclR.js                           13.03 kB │ gzip:   1.73 kB
dist/client/assets/v-DsBaCk6R.js                              13.20 kB │ gzip:   2.73 kB
dist/client/assets/vitesse-light-BbCHl-ub.js                  13.61 kB │ gzip:   3.03 kB
dist/client/assets/aurora-x-CqJGl7EB.js                       13.65 kB │ gzip:   2.28 kB
dist/client/assets/vitesse-black-BYXG1cpa.js                  13.67 kB │ gzip:   3.05 kB
dist/client/assets/vitesse-dark-BuYASo-J.js                   13.75 kB │ gzip:   3.06 kB
dist/client/assets/pug-BxX8Ipa7.js                            13.84 kB │ gzip:   2.58 kB
dist/client/assets/luau-0zdDtogo.js                           13.95 kB │ gzip:   3.16 kB
dist/client/assets/synthwave-84-DQLEFt_w.js                   14.03 kB │ gzip:   2.85 kB
dist/client/assets/github-light-default-Bsm2ya4G.js           14.15 kB │ gzip:   3.02 kB
dist/client/assets/_id-BMEHVcGJ.js                            14.22 kB │ gzip:   4.71 kB
dist/client/assets/clarity-CfWd208z.js                        14.26 kB │ gzip:   2.46 kB
dist/client/assets/github-light-high-contrast-BW15S2FP.js     14.27 kB │ gzip:   3.00 kB
dist/client/assets/github-dark-dimmed-DbJv68_y.js             14.43 kB │ gzip:   3.11 kB
dist/client/assets/github-dark-default-Bah6an0z.js            14.43 kB │ gzip:   3.12 kB
dist/client/assets/github-dark-high-contrast-COLh00wh.js      14.59 kB │ gzip:   3.07 kB
dist/client/assets/gnuplot-iQElVBk_.js                        14.77 kB │ gzip:   3.27 kB
dist/client/assets/rust-MsNT7wri.js                           15.06 kB │ gzip:   2.71 kB
dist/client/assets/kusto-B8HIL2gL.js                          15.16 kB │ gzip:   3.93 kB
dist/client/assets/actionscript-3-D9L-pOQ6.js                 15.19 kB │ gzip:   2.67 kB
dist/client/assets/nix-TY9MmyAP.js                            15.50 kB │ gzip:   2.47 kB
dist/client/assets/lua-DNhHVgyp.js                            15.60 kB │ gzip:   3.19 kB
dist/client/assets/Receipt-CfFl008v.js                        15.80 kB │ gzip:   5.44 kB
dist/client/assets/abap-BYPXdrIM.js                           15.84 kB │ gzip:   5.93 kB
dist/client/assets/solidity-r62IzeM1.js                       16.06 kB │ gzip:   3.09 kB
dist/client/assets/matlab-SgDHdLUi.js                         16.07 kB │ gzip:   3.06 kB
dist/client/assets/cue-vIKiUvFj.js                            16.19 kB │ gzip:   2.04 kB
dist/client/assets/elixir-B8Pq_V_O.js                         16.26 kB │ gzip:   2.76 kB
dist/client/assets/odin-DMZvgj9e.js                           16.50 kB │ gzip:   2.92 kB
dist/client/assets/bird2-DjajLkyw.js                          16.96 kB │ gzip:   3.84 kB
dist/client/assets/kanagawa-wave-CCxsDNCa.js                  17.12 kB │ gzip:   2.90 kB
dist/client/assets/kanagawa-lotus-ItIhzjZM.js                 17.12 kB │ gzip:   2.90 kB
dist/client/assets/kanagawa-dragon-Dl691dBQ.js                17.12 kB │ gzip:   2.92 kB
dist/client/assets/move-BbhHs-eK.js                           17.49 kB │ gzip:   3.06 kB
dist/client/assets/graphql-CU8xZben.js                        18.08 kB │ gzip:   2.54 kB
dist/client/assets/liquid-CnapsF2f.js                         18.10 kB │ gzip:   3.14 kB
dist/client/assets/svelte-Crh8OVDu.js                         18.24 kB │ gzip:   3.14 kB
dist/client/assets/material-theme-COau8m8E.js                 18.61 kB │ gzip:   3.10 kB
dist/client/assets/material-theme-darker-U5eYc41Q.js          18.62 kB │ gzip:   3.10 kB
dist/client/assets/material-theme-ocean-CRxsO_CG.js           18.62 kB │ gzip:   3.12 kB
dist/client/assets/material-theme-lighter-D96K2KqE.js         18.63 kB │ gzip:   3.10 kB
dist/client/assets/material-theme-palenight-BnSx37WQ.js       18.63 kB │ gzip:   3.11 kB
dist/client/assets/gdscript-CIiitWoe.js                       18.98 kB │ gzip:   3.75 kB
dist/client/assets/groovy-CbLYjqbI.js                         19.17 kB │ gzip:   3.59 kB
dist/client/assets/mdc-BcA5hZjF.js                            19.54 kB │ gzip:   6.66 kB
dist/client/assets/ayu-dark-BHS_MYoD.js                       20.07 kB │ gzip:   3.93 kB
dist/client/assets/ayu-mirage-tfuex59P.js                     20.08 kB │ gzip:   3.91 kB
dist/client/assets/glimmer-js-BQh7YImt.js                     20.08 kB │ gzip:   2.94 kB
dist/client/assets/glimmer-ts-H8jcJjWK.js                     20.08 kB │ gzip:   2.93 kB
dist/client/assets/powershell-B-LwR1-V.js                     20.14 kB │ gzip:   4.05 kB
dist/client/assets/ayu-light-C3mJr7D3.js                      20.14 kB │ gzip:   3.89 kB
dist/client/assets/viml-DxOwKX02.js                           20.35 kB │ gzip:   6.73 kB
dist/client/assets/nushell-BcrbxWTF.js                        20.40 kB │ gzip:   5.21 kB
dist/client/assets/snazzy-light-CE7PCZZz.js                   20.77 kB │ gzip:   3.80 kB
dist/client/assets/twig-TOUG43rT.js                           20.90 kB │ gzip:   3.66 kB
dist/client/assets/dracula-BZmoAJtO.js                        21.06 kB │ gzip:   3.99 kB
dist/client/assets/dracula-soft-vkchT4TM.js                   21.07 kB │ gzip:   4.02 kB
dist/client/assets/wit-coK3gPoH.js                            21.46 kB │ gzip:   2.87 kB
dist/client/assets/rose-pine-D-TntzeX.js                      21.74 kB │ gzip:   3.86 kB
dist/client/assets/rose-pine-moon-CEtmFFCz.js                 21.75 kB │ gzip:   3.87 kB
dist/client/assets/rose-pine-dawn-B0kMYohh.js                 21.75 kB │ gzip:   3.88 kB
dist/client/assets/nim-BFNwAFst.js                            22.45 kB │ gzip:   3.15 kB
dist/client/assets/common-lisp-CwDy1WR2.js                    22.57 kB │ gzip:   6.07 kB
dist/client/assets/surrealql-CPwnYu6p.js                      22.58 kB │ gzip:   4.31 kB
dist/client/assets/gruvbox-dark-hard-h2VTxjD5.js              22.63 kB │ gzip:   4.15 kB
dist/client/assets/gruvbox-dark-soft-CpPSVrtn.js              22.63 kB │ gzip:   4.15 kB
dist/client/assets/gruvbox-light-hard-YHAfpnyq.js             22.63 kB │ gzip:   4.16 kB
dist/client/assets/gruvbox-light-soft-DxQZQQUZ.js             22.63 kB │ gzip:   4.16 kB
dist/client/assets/gruvbox-dark-medium-DZb2C6IP.js            22.63 kB │ gzip:   4.15 kB
dist/client/assets/gruvbox-light-medium-CjFEcm_z.js           22.63 kB │ gzip:   4.16 kB
dist/client/assets/sql-Cx-AZ2e2.js                            23.47 kB │ gzip:   7.49 kB
dist/client/assets/cadence-BATDn0eN.js                        23.66 kB │ gzip:   3.65 kB
dist/client/assets/typespec-CnRoZnGi.js                       24.01 kB │ gzip:   2.58 kB
dist/client/assets/astro-BQ83Nxr4.js                          24.02 kB │ gzip:   7.59 kB
dist/client/assets/apl-BqD9P0Ps.js                            24.02 kB │ gzip:   4.17 kB
dist/client/assets/templ-Bur883WS.js                          24.06 kB │ gzip:   5.41 kB
dist/client/assets/angular-html-B2FPLc0U.js                   24.24 kB │ gzip:   3.99 kB
dist/client/assets/vhdl-BB3ZVQ7T.js                           24.25 kB │ gzip:   3.86 kB
dist/client/assets/vue-QxIHcNfI.js                            24.48 kB │ gzip:   2.95 kB
dist/client/assets/purescript-BeVTTLYT.js                     24.67 kB │ gzip:   3.24 kB
dist/client/assets/one-light-CKEg6H2t.js                      25.29 kB │ gzip:   3.63 kB
dist/client/assets/fsharp-DMXJoA1z.js                         25.30 kB │ gzip:   4.12 kB
dist/client/assets/marko-CkquNAuA.js                          25.48 kB │ gzip:   3.59 kB
dist/client/assets/c3-Di56GAhe.js                             25.62 kB │ gzip:   3.85 kB
dist/client/assets/night-owl-light-CKjp5ysI.js                25.89 kB │ gzip:   4.23 kB
dist/client/assets/system-verilog-8ZEl_WWr.js                 26.19 kB │ gzip:   4.82 kB
dist/client/assets/nord-BHqdxTo9.js                           26.72 kB │ gzip:   4.35 kB
dist/client/assets/codeql-Ktej32fm.js                         26.87 kB │ gzip:   3.79 kB
dist/client/assets/scss-3jL96acM.js                           27.26 kB │ gzip:   4.23 kB
dist/client/assets/java-DvnpHbJL.js                           27.28 kB │ gzip:   4.31 kB
dist/client/assets/coffee-BrTzSGeh.js                         27.42 kB │ gzip:   6.35 kB
dist/client/assets/razor-Bt1BphQO.js                          27.45 kB │ gzip:   3.54 kB
dist/client/assets/scala-Cp39cqTP.js                          28.87 kB │ gzip:   3.92 kB
dist/client/assets/night-owl-gONDFXcw.js                      28.91 kB │ gzip:   5.14 kB
dist/client/assets/crystal-Co6KMs5S.js                        29.41 kB │ gzip:   4.44 kB
dist/client/assets/mermaid-rDg8SJxH.js                        29.50 kB │ gzip:   3.64 kB
dist/client/assets/applescript-BVqgGYjx.js                    29.56 kB │ gzip:   5.94 kB
dist/client/assets/pierre-dark-C4T4_5Ga.js                    30.51 kB │ gzip:   4.73 kB
dist/client/assets/pierre-light-DUw7G1Mn.js                   30.52 kB │ gzip:   4.72 kB
dist/client/assets/pierre-dark-soft-DNZ03izc.js               30.52 kB │ gzip:   4.76 kB
dist/client/assets/pierre-light-soft-DRwlElI9.js              30.52 kB │ gzip:   4.71 kB
dist/client/assets/corner-down-right-gI66dcYU.js              30.62 kB │ gzip:  11.46 kB
dist/client/assets/julia-Cp5Tgyd5.js                          30.99 kB │ gzip:   4.30 kB
dist/client/assets/stylus-Dl9nWemt.js                         31.06 kB │ gzip:   8.01 kB
dist/client/assets/poimandres-Cq94JE96.js                     33.49 kB │ gzip:   5.49 kB
dist/client/assets/one-dark-pro-Dr2iEsd8.js                   33.78 kB │ gzip:   5.50 kB
dist/client/assets/bsl-CAEn4O7i.js                            33.86 kB │ gzip:   8.34 kB
dist/client/assets/haxe-BKnh-g8Y.js                           35.15 kB │ gzip:   5.90 kB
dist/client/assets/nginx-woKS8XCb.js                          35.35 kB │ gzip:   4.45 kB
dist/client/assets/houston--jhPzyr6.js                        35.41 kB │ gzip:   5.76 kB
dist/client/assets/tokyo-night-Jb6dLwca.js                    35.66 kB │ gzip:   6.22 kB
dist/client/assets/erlang-Bj2CM6eu.js                         37.47 kB │ gzip:   4.36 kB
dist/client/assets/cobol-DfVfghWx.js                          39.09 kB │ gzip:  10.89 kB
dist/client/assets/asm-DhMvIcun.js                            40.71 kB │ gzip:   8.16 kB
dist/client/assets/haskell-9ugK2uFN.js                        41.48 kB │ gzip:   6.41 kB
dist/client/assets/shellscript-Bg5fWaj1.js                    41.54 kB │ gzip:   6.13 kB
dist/client/assets/TxStateDiff-BTQa14Qd.js                    41.64 kB │ gzip:  11.87 kB
dist/client/assets/perl-BwGR4h-x.js                           43.14 kB │ gzip:   4.64 kB
dist/client/assets/d-AA80M4Fj.js                              43.78 kB │ gzip:   8.43 kB
dist/client/assets/ruby-SF2ch58i.js                           45.83 kB │ gzip:   5.56 kB
dist/client/assets/go-BjUk-oB6.js                             46.80 kB │ gzip:   5.15 kB
dist/client/assets/apex-C-FLag1S.js                           46.97 kB │ gzip:   6.72 kB
dist/client/assets/catppuccin-mocha-B9y8uzgJ.js               47.25 kB │ gzip:   7.98 kB
dist/client/assets/catppuccin-latte-BIcQ3ghS.js               47.25 kB │ gzip:   7.98 kB
dist/client/assets/catppuccin-frappe-UBi-FCiK.js              47.25 kB │ gzip:   7.99 kB
dist/client/assets/catppuccin-macchiato-DiNziU6M.js           47.26 kB │ gzip:   7.99 kB
dist/client/assets/ada-B-OMCqC5.js                            48.07 kB │ gzip:   5.96 kB
dist/client/assets/_hash-BhmjkZ5F.js                          48.11 kB │ gzip:  12.73 kB
dist/client/assets/css-DQmJXBw9.js                            49.08 kB │ gzip:  11.95 kB
dist/client/assets/imba-B4RnK1ud.js                           49.92 kB │ gzip:   9.47 kB
dist/client/assets/everforest-dark-DmoOJv-1.js                53.74 kB │ gzip:   8.37 kB
dist/client/assets/everforest-light-ml3WIqsv.js               53.74 kB │ gzip:   8.36 kB
dist/client/assets/simulate-G3Rea7cu.js                       54.28 kB │ gzip:  15.38 kB
dist/client/assets/wikitext-2iI2tM4B.js                       55.87 kB │ gzip:   4.81 kB
dist/client/assets/stata-DXu93MSQ.js                          56.99 kB │ gzip:  12.39 kB
dist/client/assets/html-DZ-Lc5L7.js                           57.32 kB │ gzip:  11.79 kB
dist/client/assets/ballerina-BgPI3VeU.js                      58.68 kB │ gzip:   8.10 kB
dist/client/assets/markdown-BNEIw-JM.js                       59.32 kB │ gzip:   5.66 kB
dist/client/assets/ocaml-CJKYCp1C.js                          62.44 kB │ gzip:   5.04 kB
dist/client/assets/mojo-Dvkk199O.js                           69.79 kB │ gzip:   9.21 kB
dist/client/assets/python-B5gfvB2f.js                         69.94 kB │ gzip:   9.09 kB
dist/client/assets/c-lYfizbcd.js                              72.17 kB │ gzip:  10.55 kB
dist/client/assets/latex-C4ZPDLkZ.js                          72.61 kB │ gzip:   6.68 kB
dist/client/assets/vyper-D-U4r89e.js                          74.64 kB │ gzip:  10.69 kB
dist/client/assets/Sphere-BvEwpW3a.js                         79.31 kB │ gzip:  29.40 kB
dist/client/assets/hack-OM6rHHIb.js                           80.18 kB │ gzip:  26.27 kB
dist/client/assets/swift-Bifo6yrH.js                          86.68 kB │ gzip:  14.69 kB
dist/client/assets/fortran-free-form-CrPjH4qn.js              88.96 kB │ gzip:  11.18 kB
dist/client/assets/csharp-DuRSG217.js                         89.68 kB │ gzip:  10.64 kB
dist/client/assets/racket-DHkmV-dZ.js                         92.38 kB │ gzip:  15.07 kB
dist/client/assets/less-Dm7aEKW7.js                           97.62 kB │ gzip:  14.84 kB
dist/client/assets/blade-CfIGGhA2.js                         104.97 kB │ gzip:  28.30 kB
dist/client/assets/objective-c-4Em-FfoD.js                   105.40 kB │ gzip:  23.63 kB
dist/client/assets/php-BY8kwV2t.js                           111.05 kB │ gzip:  28.65 kB
dist/client/assets/_address-CqxLPQoD.js                      122.36 kB │ gzip:  32.41 kB
dist/client/assets/asciidoc-CwO5jemg.js                      131.52 kB │ gzip:   9.31 kB
dist/client/assets/mdx-CSKoNK45.js                           136.10 kB │ gzip:  23.54 kB
dist/client/assets/main-BC5fpycN.js                          137.18 kB │ gzip:  47.67 kB
dist/client/assets/objective-cpp-BOgPDPJz.js                 171.96 kB │ gzip:  30.98 kB
dist/client/assets/javascript--7p0Dj4L.js                    174.89 kB │ gzip:  16.68 kB
dist/client/assets/tsx-De52rzeo.js                           175.60 kB │ gzip:  16.68 kB
dist/client/assets/jsx-CYj8svNg.js                           177.85 kB │ gzip:  16.77 kB
dist/client/assets/main-stINy7iB.js                          179.54 kB │ gzip:  56.84 kB
dist/client/assets/typescript-DFjnPAi2.js                    181.14 kB │ gzip:  16.29 kB
dist/client/assets/angular-ts-C5OJNXIK.js                    183.73 kB │ gzip:  16.78 kB
dist/client/assets/vue-vine-DHOvhWiX.js                      190.05 kB │ gzip:  18.07 kB
dist/client/assets/wolfram-DPdbNN8t.js                       262.38 kB │ gzip:  77.63 kB
dist/client/assets/dist-d0SrLiTp.js                          520.18 kB │ gzip: 151.64 kB
dist/client/assets/wasm-B72PCBhg.js                          622.32 kB │ gzip: 232.09 kB
dist/client/assets/cpp-91UdDzMs.js                           626.13 kB │ gzip:  48.10 kB
dist/client/assets/ContractCodeView-CqsxVEYJ.js              770.62 kB │ gzip: 218.38 kB
dist/client/assets/emacs-lisp-DK6kLV7h.js                    779.84 kB │ gzip: 197.53 kB
dist/client/assets/vendor-tanstack-CeX86lgN.js             1,386.37 kB │ gzip: 382.72 kB

✓ built in 1.93s
[plugin builtin:vite-reporter] 
(!) Some chunks are larger than 500 kB after minification. Consider:
- Using dynamic import() to code-split the application
- Use build.rolldownOptions.output.codeSplitting to improve chunking: https://rolldown.rs/reference/OutputOptions.codeSplitting
- Adjust chunk size limit for this warning via build.chunkSizeWarningLimit.
vite v8.0.7 building ssr environment for production...
[2Ktransforming...✓ 6879 modules transformed.
rendering chunks...
Using secrets defined in .env
computing gzip size...
dist/server/.dev.vars                                                 0.03 kB
dist/server/wrangler.json                                             1.97 kB │ gzip:   0.91 kB
dist/server/assets/json-highlighter-C3p2vsMn.js                     187.40 kB
dist/server/.vite/manifest.json                                     199.53 kB │ gzip:  19.73 kB
dist/server/assets/worker-Bwqn06PM.js                               828.39 kB
dist/server/assets/styles-BlvE8W67.css                              103.56 kB │ gzip:  19.19 kB
dist/server/assets/constants-CcpNs51N.js                              0.02 kB │ gzip:   0.04 kB
dist/server/assets/version-D6km9Wv9.js                                0.02 kB │ gzip:   0.04 kB
dist/server/assets/_address-BvmKTMFT.js                               0.03 kB │ gzip:   0.05 kB
dist/server/assets/search-BATmPtsv.js                                 0.03 kB │ gzip:   0.05 kB
dist/server/assets/start-PdgntKCT.js                                  0.04 kB │ gzip:   0.06 kB
dist/server/assets/getChainId-CnPdtjnm.js                             0.05 kB │ gzip:   0.07 kB
dist/server/assets/classes-mJ_v3zzl.js                                0.06 kB │ gzip:   0.08 kB
dist/server/assets/getAction-BJjWmyTq.js                              0.13 kB │ gzip:   0.11 kB
dist/server/assets/createServerRpc-CnhQd9A4.js                        0.15 kB │ gzip:   0.15 kB
dist/server/assets/readContract-DfKJZkU2.js                           0.18 kB │ gzip:   0.16 kB
dist/server/assets/coerce-HU5VzJTu.js                                 0.19 kB │ gzip:   0.14 kB
dist/server/assets/getBlockNumber-DbAP5BUu.js                         0.19 kB │ gzip:   0.17 kB
dist/server/assets/Hash-BJTqrz__.js                                   0.20 kB │ gzip:   0.17 kB
dist/server/assets/env-jrgPhqyJ.js                                    0.22 kB │ gzip:   0.18 kB
dist/server/assets/_id-D7qowU8f.js                                    0.24 kB │ gzip:   0.20 kB
dist/server/assets/searchMiddleware-CJ4DaCam.js                       0.24 kB │ gzip:   0.20 kB
dist/server/assets/useNavigate-D7VS4S84.js                            0.25 kB │ gzip:   0.19 kB
dist/server/assets/countdown._targetBlock-BS3Yevyb.js                 0.25 kB │ gzip:   0.21 kB
dist/server/assets/_hash-lOVJglR0.js                                  0.25 kB │ gzip:   0.21 kB
dist/server/assets/tempo-address-BM6xuC8l.js                          0.25 kB │ gzip:   0.19 kB
dist/server/assets/_layout-FxkQ6_2t.js                                0.25 kB │ gzip:   0.21 kB
dist/server/assets/_hash-BqvGOr6P.js                                  0.26 kB │ gzip:   0.21 kB
dist/server/assets/createSsrRpc-BwbsGeZx.js                           0.26 kB │ gzip:   0.22 kB
dist/server/assets/custom-wGMOTdAf.js                                 0.27 kB │ gzip:   0.20 kB
dist/server/assets/tip403-NBHgqdJu.js                                 0.27 kB │ gzip:   0.22 kB
dist/server/assets/_layout-DvYCh5Nf.js                                0.27 kB │ gzip:   0.22 kB
dist/server/assets/matchContext-DXqzvoYj.js                           0.29 kB │ gzip:   0.21 kB
dist/server/assets/fee-token-Bg7QakJX.js                              0.30 kB │ gzip:   0.19 kB
dist/server/assets/native-C7YZbdRg.js                                 0.30 kB │ gzip:   0.17 kB
dist/server/assets/tx-BzYtmFWz.js                                     0.32 kB │ gzip:   0.24 kB
dist/server/assets/tx-DhqX5wpW.js                                     0.33 kB │ gzip:   0.25 kB
dist/server/assets/address-6rI9iL18.js                                0.33 kB │ gzip:   0.25 kB
dist/server/assets/fee-amm-CSqu0btP.js                                0.36 kB │ gzip:   0.27 kB
dist/server/assets/timestamp-CcaQ4HFw.js                              0.42 kB │ gzip:   0.25 kB
dist/server/assets/jsx-runtime-BqYg_W53.js                            0.42 kB │ gzip:   0.29 kB
dist/server/assets/useLocation-Codeamq-.js                            0.44 kB │ gzip:   0.27 kB
dist/server/assets/useChains-BLvi8ju9.js                              0.44 kB │ gzip:   0.29 kB
dist/server/assets/zod-CoZEqwoR.js                                    0.46 kB │ gzip:   0.29 kB
dist/server/assets/chevron-down-BKyfbm8_.js                           0.49 kB │ gzip:   0.34 kB
dist/server/assets/useRouterState-DvsGqHF9.js                         0.49 kB │ gzip:   0.30 kB
dist/server/assets/chevron-right-UYNWfi51.js                          0.49 kB │ gzip:   0.34 kB
dist/server/assets/check-B9ROj_WS.js                                  0.49 kB │ gzip:   0.34 kB
dist/server/assets/latest-block-Cgq4VVIH.js                           0.49 kB │ gzip:   0.34 kB
dist/server/assets/x-Bhhg1g1j.js                                      0.49 kB │ gzip:   0.35 kB
dist/server/assets/arrow-right-C2FXDpnp.js                            0.50 kB │ gzip:   0.35 kB
dist/server/assets/verified-tokens-DdMAhZQi.js                        0.50 kB │ gzip:   0.34 kB
dist/server/assets/_id-DJmFYxD1.js                                    0.52 kB │ gzip:   0.32 kB
dist/server/assets/codeowners-DyP_tbWX.js                             0.54 kB │ gzip:   0.31 kB
dist/server/assets/not-found-J7jacZ3L.js                              0.54 kB │ gzip:   0.33 kB
dist/server/assets/BrowserWebSocketTransport-B_O6CY2l.js              0.55 kB │ gzip:   0.30 kB
dist/server/assets/fee-amm-RrJcu6s-.js                                0.55 kB │ gzip:   0.36 kB
dist/server/assets/play-B6sq4IAW.js                                   0.56 kB │ gzip:   0.38 kB
dist/server/assets/fee-amm-CRUmOJvV.js                                0.57 kB │ gzip:   0.36 kB
dist/server/assets/immutable-data-cache-BN5Io0g6.js                   0.57 kB │ gzip:   0.40 kB
dist/server/assets/demo-D2HCix5I.js                                   0.58 kB │ gzip:   0.36 kB
dist/server/assets/download-BhLTP0fO.js                               0.59 kB │ gzip:   0.38 kB
dist/server/assets/flask-conical-BzkjSaeQ.js                          0.60 kB │ gzip:   0.41 kB
dist/server/assets/copy-ckYUVMJf.js                                   0.61 kB │ gzip:   0.40 kB
dist/server/assets/link-BROJAALz.js                                   0.65 kB │ gzip:   0.40 kB
dist/server/assets/TokenIcon-DYQ2NL87.js                              0.66 kB │ gzip:   0.45 kB
dist/server/assets/deepEqual-1dGOOgUy.js                              0.69 kB │ gzip:   0.31 kB
dist/server/assets/shellsession-BHnlBdm0.js                           0.71 kB │ gzip:   0.43 kB
dist/server/assets/RelativeTime-CkcnSXIH.js                           0.71 kB │ gzip:   0.43 kB
dist/server/assets/TransactionCell-yfom16aY.js                        0.72 kB │ gzip:   0.38 kB
dist/server/assets/empty-state-BlVeB2xQ.js                            0.73 kB │ gzip:   0.45 kB
dist/server/assets/tsv-uaawrnxz.js                                    0.73 kB │ gzip:   0.33 kB
dist/server/assets/Address-DV8n0hxM.js                                0.75 kB │ gzip:   0.47 kB
dist/server/assets/fee-amm-DDXnWZ-n.js                                0.78 kB │ gzip:   0.48 kB
dist/server/assets/chunk-CTp1dE8v.js                                  0.81 kB │ gzip:   0.46 kB
dist/server/assets/CopyButton-CBULA3by.js                             0.82 kB │ gzip:   0.51 kB
dist/server/assets/html-derivative-DdgyCezp.js                        0.84 kB │ gzip:   0.45 kB
dist/server/assets/AddressHighlight-CYoPGI20.js                       0.86 kB │ gzip:   0.49 kB
dist/server/assets/NodeWebSocketTransport-BDnnLbVg.js                 0.86 kB │ gzip:   0.51 kB
dist/server/assets/Empty-DzhdHNo6.js                                  0.87 kB │ gzip:   0.42 kB
dist/server/assets/tokens-Djg4OWYC.js                                 0.93 kB │ gzip:   0.49 kB
dist/server/assets/git-rebase-DaDSL4wB.js                             0.98 kB │ gzip:   0.44 kB
dist/server/assets/tempo-queries-926doBXj.js                          0.99 kB │ gzip:   0.47 kB
dist/server/assets/qmldir-BBLdZnj_.js                                 0.99 kB │ gzip:   0.44 kB
dist/server/assets/demo-CErBTcBO.js                                   1.02 kB │ gzip:   0.36 kB
dist/server/assets/TokenListMembership-DNj8GsQO.js                    1.03 kB │ gzip:   0.60 kB
dist/server/assets/countdown._targetBlock-DOQX96Di.js                 1.03 kB │ gzip:   0.53 kB
dist/server/assets/blocks-CLsr3Fxa.js                                 1.04 kB │ gzip:   0.53 kB
dist/server/assets/theme-C1ekDngO.js                                  1.08 kB │ gzip:   0.45 kB
dist/server/assets/_hash-DwfFHZ1s.js                                  1.08 kB │ gzip:   0.63 kB
dist/server/assets/VirtualAddress-DTjdt7sM.js                         1.10 kB │ gzip:   0.54 kB
dist/server/assets/readContracts-C7lO0X5t.js                          1.11 kB │ gzip:   0.60 kB
dist/server/assets/wagmi.config-BfBl-oUC.js                           1.13 kB │ gzip:   0.69 kB
dist/server/assets/csv-DyV7rWQ4.js                                    1.13 kB │ gzip:   0.36 kB
dist/server/assets/git-commit-VOcBapC9.js                             1.22 kB │ gzip:   0.52 kB
dist/server/assets/InfoCard-ByTLu7k7.js                               1.23 kB │ gzip:   0.60 kB
dist/server/assets/pagination-CvALEuCz.js                             1.27 kB │ gzip:   0.56 kB
dist/server/assets/xsl-D_cxk_Ct.js                                    1.36 kB │ gzip:   0.49 kB
dist/server/assets/dotenv-C6vvFlCN.js                                 1.41 kB │ gzip:   0.52 kB
dist/server/assets/_id-Dtvi4igz.js                                    1.42 kB │ gzip:   0.83 kB
dist/server/assets/Midcut-BF7sItni.js                                 1.44 kB │ gzip:   0.80 kB
dist/server/assets/sparql-B1G7yOlP.js                                 1.47 kB │ gzip:   0.81 kB
dist/server/assets/account-CIzUNLIv.js                                1.48 kB │ gzip:   0.54 kB
dist/server/assets/profiling-Cn-6ODSE.js                              1.48 kB │ gzip:   0.75 kB
dist/server/assets/tokens-vQ6bi_-Q.js                                 1.49 kB │ gzip:   0.85 kB
dist/server/assets/NotFound-CMpmxxh3.js                               1.49 kB │ gzip:   0.82 kB
dist/server/assets/env-C97EyDta.js                                    1.49 kB │ gzip:   0.63 kB
dist/server/assets/ini-DnnmnMUx.js                                    1.51 kB │ gzip:   0.49 kB
dist/server/assets/TimeFormat-Cfopt5Ff.js                             1.54 kB │ gzip:   0.67 kB
dist/server/assets/fortran-fixed-form-D8RzgBPM.js                     1.66 kB │ gzip:   0.68 kB
dist/server/assets/receipt-ui-Bm5Ptp7R.js                             1.68 kB │ gzip:   0.76 kB
dist/server/assets/docker-DxKvu2v8.js                                 1.73 kB │ gzip:   0.59 kB
dist/server/assets/hxml-CX7OfI90.js                                   1.74 kB │ gzip:   0.87 kB
dist/server/assets/localBatchGatewayRequest-DBbwwCQz.js               1.74 kB │ gzip:   0.81 kB
dist/server/assets/desktop-1CSLVLvP.js                                1.82 kB │ gzip:   0.75 kB
dist/server/assets/pricing-Dfi521kd.js                                1.87 kB │ gzip:   0.86 kB
dist/server/assets/Address-DnCqdgFS.js                                1.91 kB │ gzip:   0.82 kB
dist/server/assets/_hash-Wl83V0Wu.js                                  2.03 kB │ gzip:   1.06 kB
dist/server/assets/Addresses-BrtekloS.js                              2.04 kB │ gzip:   0.85 kB
dist/server/assets/token-trust-BM-fLVV8.js                            2.13 kB │ gzip:   1.08 kB
dist/server/assets/erb-BQJ61EG1.js                                    2.13 kB │ gzip:   0.62 kB
dist/server/assets/wenyan-K8xUhr0V.js                                 2.15 kB │ gzip:   1.08 kB
dist/server/assets/__tanstack-start-server-fn-resolver-D4-5ilT9.js    2.20 kB │ gzip:   0.95 kB
dist/server/assets/jssm-BFruYmt2.js                                   2.23 kB │ gzip:   0.61 kB
dist/server/assets/transaction-activities-RuTmtp-g.js                 2.23 kB │ gzip:   1.13 kB
dist/server/assets/address-balances-3QaLBag1.js                       2.24 kB │ gzip:   1.14 kB
dist/server/assets/edge-5UVEU4Iz.js                                   2.30 kB │ gzip:   0.67 kB
dist/server/assets/reg-B-n4VL89.js                                    2.33 kB │ gzip:   0.69 kB
dist/server/assets/utils-DP52oKLX.js                                  2.50 kB │ gzip:   1.18 kB
dist/server/assets/diff-4InFoIz3.js                                   2.56 kB │ gzip:   0.68 kB
dist/server/assets/gleam-DyTPpf42.js                                  2.57 kB │ gzip:   0.81 kB
dist/server/assets/hy-437YgJXa.js                                     2.64 kB │ gzip:   1.17 kB
dist/server/assets/simulate-DLjURVTR.js                               2.75 kB │ gzip:   1.36 kB
dist/server/assets/address-metadata-DDVue_U3.js                       2.77 kB │ gzip:   1.19 kB
dist/server/assets/receipt-presentation-DkJfEU3V.js                   2.77 kB │ gzip:   1.27 kB
dist/server/assets/json-BLNPlD9q.js                                   2.81 kB │ gzip:   0.77 kB
dist/server/assets/openscad-VzdIYi3C.js                               2.81 kB │ gzip:   1.00 kB
dist/server/assets/log-CTDVYZ_k.js                                    2.84 kB │ gzip:   0.89 kB
dist/server/assets/json-C0oEM88g.js                                   2.87 kB │ gzip:   0.81 kB
dist/server/assets/TxTransactionRow-BfhYP4M7.js                       2.88 kB │ gzip:   1.27 kB
dist/server/assets/ccip-i0Ipvzo7.js                                   2.92 kB │ gzip:   1.35 kB
dist/server/assets/cairo-Bu7U7rr5.js                                  2.93 kB │ gzip:   0.80 kB
dist/server/assets/berry-BJPmWIyG.js                                  2.99 kB │ gzip:   0.80 kB
dist/server/assets/jsonl-DaNJ5fQZ.js                                  3.00 kB │ gzip:   0.78 kB
dist/server/assets/jsonc-D9Z9-aYl.js                                  3.10 kB │ gzip:   0.78 kB
dist/server/assets/logo-CxvlI0qg.js                                   3.12 kB │ gzip:   1.46 kB
dist/server/assets/hooks-cVwmHXHn.js                                  3.15 kB │ gzip:   1.45 kB
dist/server/assets/Amount-yX9yt1dQ.js                                 3.16 kB │ gzip:   1.48 kB
dist/server/assets/po-ChT3UYQk.js                                     3.23 kB │ gzip:   0.90 kB
dist/server/assets/_address-6H1jA2nF.js                               3.24 kB │ gzip:   1.30 kB
dist/server/assets/json5-mBlCGuZ6.js                                  3.24 kB │ gzip:   0.82 kB
dist/server/assets/mipsasm-Dn-rwGRh.js                                3.25 kB │ gzip:   1.17 kB
dist/server/assets/_id-L-UUry8c.js                                    3.27 kB │ gzip:   1.54 kB
dist/server/assets/tasl-OwAOupOy.js                                   3.28 kB │ gzip:   0.84 kB
dist/server/assets/genie-CgIzo6yS.js                                  3.34 kB │ gzip:   1.20 kB
dist/server/assets/useConnection-3jEoq-gu.js                          3.35 kB │ gzip:   1.33 kB
dist/server/assets/rel-Dghnj_hy.js                                    3.36 kB │ gzip:   1.10 kB
dist/server/assets/vala-jOo3xZR7.js                                   3.36 kB │ gzip:   1.18 kB
dist/server/assets/splunk-doUU7yzb.js                                 3.42 kB │ gzip:   1.51 kB
dist/server/assets/hurl-VogYQQ42.js                                   3.51 kB │ gzip:   1.10 kB
dist/server/assets/address-D-zLY1nf.js                                3.58 kB │ gzip:   1.54 kB
dist/server/assets/fluent-DXNiMPz8.js                                 3.60 kB │ gzip:   0.89 kB
dist/server/assets/ssh-config-C1qYsTy8.js                             3.61 kB │ gzip:   1.59 kB
dist/server/assets/jsonnet-C6XtSEUA.js                                3.61 kB │ gzip:   1.03 kB
dist/server/assets/kdl-zK-zy1EI.js                                    3.62 kB │ gzip:   1.03 kB
dist/server/assets/tokens-CbJLc2sw.js                                 3.62 kB │ gzip:   1.51 kB
dist/server/assets/narrat-DYx3JK_2.js                                 3.66 kB │ gzip:   1.09 kB
dist/server/assets/glsl-DVJ0hAK_.js                                   3.68 kB │ gzip:   1.45 kB
dist/server/assets/turtle-D0kd6Pz0.js                                 3.69 kB │ gzip:   0.96 kB
dist/server/assets/zenscript-xoi2ZIaq.js                              3.90 kB │ gzip:   1.28 kB
dist/server/assets/ron-13qruHED.js                                    3.90 kB │ gzip:   0.97 kB
dist/server/assets/tip20-CKOD3hKv.js                                  3.93 kB │ gzip:   1.36 kB
dist/server/assets/gn-CujTmPQx.js                                     3.99 kB │ gzip:   1.47 kB
dist/server/assets/fee-amm-CmoHi1Oj.js                                4.07 kB │ gzip:   1.66 kB
dist/server/assets/pascal-CejiB4cV.js                                 4.14 kB │ gzip:   1.67 kB
dist/server/assets/countdown._targetBlock-TNf4nFq9.js                 4.21 kB │ gzip:   1.61 kB
dist/server/assets/token-BvXaQdct.js                                  4.32 kB │ gzip:   1.62 kB
dist/server/assets/http-BwGpQ1-W.js                                   4.41 kB │ gzip:   1.06 kB
dist/server/assets/tcl-DeZcwjnV.js                                    4.42 kB │ gzip:   1.50 kB
dist/server/assets/nextflow-CKErVZgL.js                               4.50 kB │ gzip:   1.16 kB
dist/server/assets/rosmsg-Cfs1yZOf.js                                 4.51 kB │ gzip:   1.05 kB
dist/server/assets/Breadcrumbs-nmQm_D56.js                            4.52 kB │ gzip:   1.93 kB
dist/server/assets/useChainId-Dkml5WnU.js                             4.54 kB │ gzip:   2.00 kB
dist/server/assets/Sections-kUm9O6PB.js                               4.64 kB │ gzip:   1.60 kB
dist/server/assets/polar-COpMpKHf.js                                  4.66 kB │ gzip:   1.12 kB
dist/server/assets/sdbl-CImcHsGu.js                                   4.69 kB │ gzip:   2.00 kB
dist/server/assets/fennel-C2YUg7IJ.js                                 4.76 kB │ gzip:   1.53 kB
dist/server/assets/bibtex-C0MkIwRP.js                                 4.78 kB │ gzip:   0.83 kB
dist/server/assets/Button-DuEnf0pH.js                                 4.83 kB │ gzip:   1.59 kB
dist/server/assets/tip403-CTUAm4zN.js                                 4.98 kB │ gzip:   2.11 kB
dist/server/assets/llvm-rynaypoJ.js                                   5.04 kB │ gzip:   2.01 kB
dist/server/assets/FeeAmmPools-BrCWacng.js                            5.06 kB │ gzip:   1.65 kB
dist/server/assets/wgsl-CESLb6rx.js                                   5.13 kB │ gzip:   1.38 kB
dist/server/assets/TxEventDescription-CDgWgtmm.js                     5.24 kB │ gzip:   1.97 kB
dist/server/assets/gdresource-BUAyCqk5.js                             5.28 kB │ gzip:   1.33 kB
dist/server/assets/zig-CVp-6ve7.js                                    5.33 kB │ gzip:   1.55 kB
dist/server/assets/qml-DUba7wSb.js                                    5.33 kB │ gzip:   1.38 kB
dist/server/assets/dax-3lOpMVOD.js                                    5.35 kB │ gzip:   2.21 kB
dist/server/assets/bicep-BfKJb292.js                                  5.37 kB │ gzip:   1.14 kB
dist/server/assets/DataGrid-KoA_8ROJ.js                               5.39 kB │ gzip:   2.31 kB
dist/server/assets/createServerFn-CxDU7YjU.js                         5.40 kB │ gzip:   2.31 kB
dist/server/assets/xml-Ce8uBUr-.js                                    5.43 kB │ gzip:   1.24 kB
dist/server/assets/awk-y6JB8OeQ.js                                    5.45 kB │ gzip:   1.37 kB
dist/server/assets/tx-summary-wJVZ982P.js                             5.46 kB │ gzip:   2.42 kB
dist/server/assets/coq-azXbwP4C.js                                    5.54 kB │ gzip:   1.91 kB
dist/server/assets/jinja-DmflwTGM.js                                  5.62 kB │ gzip:   1.36 kB
dist/server/assets/block-number-tIFXoydn.js                           5.63 kB │ gzip:   2.38 kB
dist/server/assets/lean-BcKVTENc.js                                   5.77 kB │ gzip:   1.91 kB
dist/server/assets/_id-DijwitAU.js                                    5.83 kB │ gzip:   2.17 kB
dist/server/assets/moonbit-DRAJYVUc.js                                5.89 kB │ gzip:   1.67 kB
dist/server/assets/powerquery-JD4JMHvB.js                             5.89 kB │ gzip:   1.51 kB
dist/server/assets/shaderlab-aw3SOhHm.js                              5.91 kB │ gzip:   2.08 kB
dist/server/assets/verilog-C0fHrnH8.js                                5.92 kB │ gzip:   1.89 kB
dist/server/assets/cypher-BebKJRZI.js                                 5.94 kB │ gzip:   1.71 kB
dist/server/assets/vb-DYwqDuoc.js                                     6.08 kB │ gzip:   2.33 kB
dist/server/assets/link-CNYcSlVy.js                                   6.17 kB │ gzip:   2.55 kB
dist/server/assets/tempo-api-DT1g0PpP.js                              6.20 kB │ gzip:   2.70 kB
dist/server/assets/red-B3-VVT9b.js                                    6.25 kB │ gzip:   1.59 kB
dist/server/assets/_layout-DCVTozw7.js                                6.28 kB │ gzip:   1.96 kB
dist/server/assets/min-dark-B094MwCd.js                               6.28 kB │ gzip:   1.70 kB
dist/server/assets/gdshader-Ca_gnAoI.js                               6.31 kB │ gzip:   1.72 kB
dist/server/assets/prisma-BtRp3Rgc.js                                 6.32 kB │ gzip:   1.38 kB
dist/server/assets/ara-BpdfwWRV.js                                    6.35 kB │ gzip:   1.80 kB
dist/server/assets/clojure-D8R-iz4w.js                                6.40 kB │ gzip:   1.41 kB
dist/server/assets/postcss-BHwErfDt.js                                6.41 kB │ gzip:   1.90 kB
dist/server/assets/fee-amm-BhTVnurP.js                                6.41 kB │ gzip:   2.45 kB
dist/server/assets/toml-Y-G5UsNO.js                                   6.41 kB │ gzip:   1.28 kB
dist/server/assets/solarized-light-DO8SkAZD.js                        6.47 kB │ gzip:   1.71 kB
dist/server/assets/proto-HoFRJV7T.js                                  6.54 kB │ gzip:   1.41 kB
dist/server/assets/smalltalk-Csc0QnPF.js                              6.58 kB │ gzip:   1.61 kB
dist/server/assets/blocks-DDPCYoga.js                                 6.59 kB │ gzip:   2.42 kB
dist/server/assets/r-DrazG_tW.js                                      6.59 kB │ gzip:   1.82 kB
dist/server/assets/request-response-DQ9ePFNN.js                       6.66 kB │ gzip:   2.64 kB
dist/server/assets/talonscript-D5t2syWp.js                            6.75 kB │ gzip:   1.48 kB
dist/server/assets/og-De9avxHj.js                                     6.80 kB │ gzip:   2.52 kB
dist/server/assets/solarized-dark-oM5nFsvn.js                         6.84 kB │ gzip:   1.78 kB
dist/server/assets/riscv-CPDQ9aNs.js                                  6.90 kB │ gzip:   1.97 kB
dist/server/assets/soy-CEXHkubh.js                                    6.92 kB │ gzip:   1.62 kB
dist/server/assets/min-light-BupNqt03.js                              6.96 kB │ gzip:   1.88 kB
dist/server/assets/_tanstack-start-manifest_v-BV73jQUO.js             7.08 kB │ gzip:   1.44 kB
dist/server/assets/scheme-CxIUnBu4.js                                 7.16 kB │ gzip:   2.04 kB
dist/server/assets/hlsl-C2Jh--MF.js                                   7.25 kB │ gzip:   2.18 kB
dist/server/assets/qss-DFVMxyBG.js                                    7.46 kB │ gzip:   2.57 kB
dist/server/assets/utils-c_LTpnPf.js                                  7.50 kB │ gzip:   2.75 kB
dist/server/assets/react-BUNgVU0X.js                                  7.50 kB │ gzip:   2.86 kB
dist/server/assets/dart-D908oeXs.js                                   7.80 kB │ gzip:   1.91 kB
dist/server/assets/systemd-ayU3KZQP.js                                7.86 kB │ gzip:   2.54 kB
dist/server/assets/monokai-BA-xH4N4.js                                7.88 kB │ gzip:   1.90 kB
dist/server/assets/Bytes-CLQb8KRx.js                                  8.03 kB │ gzip:   2.63 kB
dist/server/assets/regexp-DH4_jV-S.js                                 8.04 kB │ gzip:   1.46 kB
dist/server/assets/haml-BTDFqwW_.js                                   8.32 kB │ gzip:   1.84 kB
dist/server/assets/typst-fWQbOF24.js                                  8.38 kB │ gzip:   1.66 kB
dist/server/assets/vue-html-D_HZqw1x.js                               8.47 kB │ gzip:   1.68 kB
dist/server/assets/plsql-2J-cdOev.js                                  8.50 kB │ gzip:   2.99 kB
dist/server/assets/react-dom-CYgeklOX.js                              8.58 kB │ gzip:   3.31 kB
dist/server/assets/horizon-gg1Zqs5Z.js                                8.77 kB │ gzip:   1.94 kB
dist/server/assets/kotlin-DHwbnePM.js                                 8.77 kB │ gzip:   2.12 kB
dist/server/assets/horizon-bright-BlpByuOP.js                         8.78 kB │ gzip:   1.96 kB
dist/server/assets/ts-tags-CjrznoaL.js                                8.92 kB │ gzip:   1.20 kB
dist/server/assets/make-DDQCCcp4.js                                   8.95 kB │ gzip:   1.76 kB
dist/server/assets/andromeeda-wWJ21cyq.js                             9.01 kB │ gzip:   2.35 kB
dist/server/assets/sas-D8be7QED.js                                    9.06 kB │ gzip:   3.82 kB
dist/server/assets/dark-plus-B-NRNuM7.js                              9.09 kB │ gzip:   2.10 kB
dist/server/assets/slack-dark-FnDEA_1j.js                             9.11 kB │ gzip:   1.96 kB
dist/server/assets/Pagination-DwfVTj1O.js                             9.16 kB │ gzip:   2.13 kB
dist/server/assets/hmac-DYIfuLrY.js                                   9.20 kB │ gzip:   4.41 kB
dist/server/assets/sass-BJ6ftyI3.js                                   9.28 kB │ gzip:   2.48 kB
dist/server/assets/plastic-BsVzCtmV.js                                9.29 kB │ gzip:   1.96 kB
dist/server/assets/slack-ochin-B439BWAP.js                            9.42 kB │ gzip:   2.08 kB
dist/server/assets/tex-B3RKYs7x.js                                    9.67 kB │ gzip:   3.06 kB
dist/server/assets/jison-DwkR7uhJ.js                                  9.69 kB │ gzip:   1.87 kB
dist/server/assets/cmake-BVx9gc-k.js                                  9.84 kB │ gzip:   3.37 kB
dist/server/assets/light-plus-B-0KFJXQ.js                             9.93 kB │ gzip:   2.27 kB
dist/server/assets/hcl-CHtktiTC.js                                   10.04 kB │ gzip:   1.93 kB
dist/server/assets/formatting-BCa9eQXj.js                            10.05 kB │ gzip:   3.22 kB
dist/server/assets/src-BBUVJOpD.js                                   10.08 kB │ gzip:   4.40 kB
dist/server/assets/rst-DW-3BqxE.js                                   10.31 kB │ gzip:   2.24 kB
dist/server/assets/pkl-Bj61OMUb.js                                   10.36 kB │ gzip:   1.37 kB
dist/server/assets/beancount-CioS_xWS.js                             10.36 kB │ gzip:   1.43 kB
dist/server/assets/nextflow-groovy-DGtVmJ9B.js                       10.39 kB │ gzip:   2.12 kB
dist/server/assets/dream-maker-ugrsyHM6.js                           10.46 kB │ gzip:   2.25 kB
dist/server/assets/raku-BKjRiiW5.js                                  10.46 kB │ gzip:   2.94 kB
dist/server/assets/yaml-DF6Tctav.js                                  10.56 kB │ gzip:   2.31 kB
dist/server/assets/just-Bj8P11gC.js                                  10.76 kB │ gzip:   2.60 kB
dist/server/assets/elm-sX7zBc3c.js                                   10.94 kB │ gzip:   2.09 kB
dist/server/assets/github-light-Dz9S40Wq.js                          11.18 kB │ gzip:   2.49 kB
dist/server/assets/github-light-aLKy7gEv.js                          11.18 kB │ gzip:   2.49 kB
dist/server/assets/prolog-DVM-Njlz.js                                11.34 kB │ gzip:   3.84 kB
dist/server/assets/terraform-B73Cx1sc.js                             11.38 kB │ gzip:   2.51 kB
dist/server/assets/github-dark-3rpidktq.js                           11.40 kB │ gzip:   2.53 kB
dist/server/assets/github-dark-D6t1TKou.js                           11.40 kB │ gzip:   2.53 kB
dist/server/assets/puppet-BrtRFECt.js                                11.43 kB │ gzip:   2.10 kB
dist/server/assets/laserwave-CWk0UOMF.js                             11.49 kB │ gzip:   2.57 kB
dist/server/assets/gherkin-C-PemBjF.js                               11.93 kB │ gzip:   5.04 kB
dist/server/assets/wasm-VL200RGB.js                                  12.00 kB │ gzip:   2.17 kB
dist/server/assets/hjson-C4qJjjHJ.js                                 12.04 kB │ gzip:   1.64 kB
dist/server/assets/handlebars-C2iNfVLr.js                            12.16 kB │ gzip:   2.37 kB
dist/server/assets/apache-DGfY03ld.js                                12.44 kB │ gzip:   3.71 kB
dist/server/assets/vesper-DEoycofN.js                                12.68 kB │ gzip:   1.98 kB
dist/server/assets/bat-BfvSFLuP.js                                   12.88 kB │ gzip:   3.22 kB
dist/server/assets/fish-CufZK5A6.js                                  13.03 kB │ gzip:   1.73 kB
dist/server/assets/v-BdAuhnq0.js                                     13.20 kB │ gzip:   2.73 kB
dist/server/assets/vitesse-light-G33Z7LKT.js                         13.61 kB │ gzip:   3.03 kB
dist/server/assets/aurora-x-CyMoO3Dd.js                              13.65 kB │ gzip:   2.28 kB
dist/server/assets/vitesse-black-CO9kdAXW.js                         13.67 kB │ gzip:   3.05 kB
dist/server/assets/vitesse-dark-CRATjQGH.js                          13.75 kB │ gzip:   3.06 kB
dist/server/assets/pug-B1EJAgOX.js                                   13.84 kB │ gzip:   2.58 kB
dist/server/assets/luau-CRvZZ_JL.js                                  13.95 kB │ gzip:   3.16 kB
dist/server/assets/synthwave-84-Cj4Dne8h.js                          14.03 kB │ gzip:   2.85 kB
dist/server/assets/github-light-default-D45AmuQg.js                  14.15 kB │ gzip:   3.02 kB
dist/server/assets/clarity-D1enwCFG.js                               14.26 kB │ gzip:   2.46 kB
dist/server/assets/github-light-high-contrast-CqQycft7.js            14.27 kB │ gzip:   3.00 kB
dist/server/assets/github-dark-dimmed-DG0dAbdb.js                    14.43 kB │ gzip:   3.11 kB
dist/server/assets/github-dark-default-Cxly3ATp.js                   14.43 kB │ gzip:   3.12 kB
dist/server/assets/ClientOnly-CnOEl8CC.js                            14.43 kB │ gzip:   4.95 kB
dist/server/assets/Receipt-CrD9bR4_.js                               14.51 kB │ gzip:   5.05 kB
dist/server/assets/sse-Cuat0ln2.js                                   14.52 kB │ gzip:   5.68 kB
dist/server/assets/github-dark-high-contrast-DdbrUPsm.js             14.59 kB │ gzip:   3.07 kB
dist/server/assets/gnuplot-BQrp1OSw.js                               14.77 kB │ gzip:   3.27 kB
dist/server/assets/_layout-BbmLSH7R.js                               14.83 kB │ gzip:   5.57 kB
dist/server/assets/_id-B4RMwaRo.js                                   14.91 kB │ gzip:   4.99 kB
dist/server/assets/rust-B0Yx7mr_.js                                  15.06 kB │ gzip:   2.71 kB
dist/server/assets/rust-DyPysnmF.js                                  15.06 kB │ gzip:   2.71 kB
dist/server/assets/kusto-CNl3lpwx.js                                 15.16 kB │ gzip:   3.93 kB
dist/server/assets/actionscript-3-AaCVRSAB.js                        15.19 kB │ gzip:   2.67 kB
dist/server/assets/nix-7yLedXPc.js                                   15.50 kB │ gzip:   2.47 kB
dist/server/assets/lua-Bzk3yppc.js                                   15.58 kB │ gzip:   3.18 kB
dist/server/assets/abap-Bz3FF-SL.js                                  15.84 kB │ gzip:   5.93 kB
dist/server/assets/solidity-B_o4VSDh.js                              16.06 kB │ gzip:   3.09 kB
dist/server/assets/solidity-Z23l9FfY.js                              16.06 kB │ gzip:   3.09 kB
dist/server/assets/matlab-CP7Lc6LH.js                                16.07 kB │ gzip:   3.06 kB
dist/server/assets/cue-DTJIZXKH.js                                   16.19 kB │ gzip:   2.04 kB
dist/server/assets/abis-CKC3qyiQ.js                                  16.23 kB │ gzip:   3.38 kB
dist/server/assets/elixir-Mjd8vv7q.js                                16.26 kB │ gzip:   2.76 kB
dist/server/assets/odin-D2sbg8fM.js                                  16.50 kB │ gzip:   2.92 kB
dist/server/assets/bird2-C9FZKT7B.js                                 16.96 kB │ gzip:   3.84 kB
dist/server/assets/kanagawa-wave-LlU_B12W.js                         17.12 kB │ gzip:   2.90 kB
dist/server/assets/kanagawa-lotus-B63qRbeR.js                        17.12 kB │ gzip:   2.90 kB
dist/server/assets/kanagawa-dragon-Dfwlk8cj.js                       17.12 kB │ gzip:   2.92 kB
dist/server/assets/move-Ddw5bZIQ.js                                  17.49 kB │ gzip:   3.06 kB
dist/server/assets/graphql-B90jGri9.js                               18.07 kB │ gzip:   2.53 kB
dist/server/assets/liquid-BUQb6hMI.js                                18.10 kB │ gzip:   3.14 kB
dist/server/assets/svelte-Bll8ytf2.js                                18.24 kB │ gzip:   3.13 kB
dist/server/assets/material-theme-Ck8YBjT4.js                        18.61 kB │ gzip:   3.10 kB
dist/server/assets/material-theme-darker-CQD7MceO.js                 18.62 kB │ gzip:   3.10 kB
dist/server/assets/material-theme-ocean-D1ITPG8p.js                  18.62 kB │ gzip:   3.12 kB
dist/server/assets/material-theme-lighter-BHIpntv6.js                18.63 kB │ gzip:   3.10 kB
dist/server/assets/material-theme-palenight-Bj8ZTQnj.js              18.63 kB │ gzip:   3.11 kB
dist/server/assets/gdscript-I2vFCB4B.js                              18.98 kB │ gzip:   3.75 kB
dist/server/assets/groovy-TOMhBIAx.js                                19.17 kB │ gzip:   3.59 kB
dist/server/assets/mdc-CHiCNPst.js                                   19.54 kB │ gzip:   6.66 kB
dist/server/assets/ayu-dark-DLEVEAWN.js                              20.07 kB │ gzip:   3.93 kB
dist/server/assets/ayu-mirage-eatXyK5j.js                            20.08 kB │ gzip:   3.91 kB
dist/server/assets/glimmer-js-B5chWHdC.js                            20.08 kB │ gzip:   2.94 kB
dist/server/assets/glimmer-ts-SMjBsTgD.js                            20.08 kB │ gzip:   2.93 kB
dist/server/assets/powershell-CMVnEx3l.js                            20.14 kB │ gzip:   4.05 kB
dist/server/assets/ayu-light-DMKDK1OK.js                             20.14 kB │ gzip:   3.89 kB
dist/server/assets/viml-OQqAk7o8.js                                  20.35 kB │ gzip:   6.73 kB
dist/server/assets/nushell-BNpz64bo.js                               20.40 kB │ gzip:   5.21 kB
dist/server/assets/snazzy-light-C5r8e-zw.js                          20.77 kB │ gzip:   3.80 kB
dist/server/assets/twig-Chc7Q2mA.js                                  20.90 kB │ gzip:   3.66 kB
dist/server/assets/dracula-Bj5KRVK5.js                               21.06 kB │ gzip:   3.99 kB
dist/server/assets/dracula-soft-BLwLnYrr.js                          21.07 kB │ gzip:   4.02 kB
dist/server/assets/wit-nfwgYo6Q.js                                   21.46 kB │ gzip:   2.87 kB
dist/server/assets/rose-pine-BbQ01I4G.js                             21.74 kB │ gzip:   3.86 kB
dist/server/assets/rose-pine-moon-BSyyan6I.js                        21.75 kB │ gzip:   3.87 kB
dist/server/assets/rose-pine-dawn-DEmnAo9B.js                        21.75 kB │ gzip:   3.88 kB
dist/server/assets/nim-CdpJUbZn.js                                   22.45 kB │ gzip:   3.15 kB
dist/server/assets/queryOptions-C8mjXD7T.js                          22.50 kB │ gzip:   7.44 kB
dist/server/assets/common-lisp-CUYFu4vx.js                           22.57 kB │ gzip:   6.07 kB
dist/server/assets/surrealql-CYFt1SnR.js                             22.58 kB │ gzip:   4.31 kB
dist/server/assets/gruvbox-dark-hard-ttDz1YXH.js                     22.63 kB │ gzip:   4.15 kB
dist/server/assets/gruvbox-dark-soft-CjYwXxVX.js                     22.63 kB │ gzip:   4.15 kB
dist/server/assets/gruvbox-light-hard-CZB6QW5P.js                    22.63 kB │ gzip:   4.16 kB
dist/server/assets/gruvbox-light-soft-XcwegwuO.js                    22.63 kB │ gzip:   4.16 kB
dist/server/assets/gruvbox-dark-medium-DzSP-XgX.js                   22.63 kB │ gzip:   4.15 kB
dist/server/assets/gruvbox-light-medium-Sbk-9OjQ.js                  22.63 kB │ gzip:   4.16 kB
dist/server/assets/sql-DWhywRG1.js                                   23.46 kB │ gzip:   7.48 kB
dist/server/assets/Hex-Kl2xOvdH.js                                   23.60 kB │ gzip:   6.96 kB
dist/server/assets/cadence-o_ZPpRy9.js                               23.66 kB │ gzip:   3.65 kB
dist/server/assets/typespec-D1gJWate.js                              24.01 kB │ gzip:   2.58 kB
dist/server/assets/astro-BIctTayL.js                                 24.02 kB │ gzip:   7.59 kB
dist/server/assets/apl-B2VBKmxV.js                                   24.02 kB │ gzip:   4.16 kB
dist/server/assets/templ-Dv0UCush.js                                 24.06 kB │ gzip:   5.41 kB
dist/server/assets/angular-html-R5UV3ddQ.js                          24.23 kB │ gzip:   3.98 kB
dist/server/assets/vhdl-CC2uOQwr.js                                  24.25 kB │ gzip:   3.86 kB
dist/server/assets/vue-CVNAeMPe.js                                   24.48 kB │ gzip:   2.95 kB
dist/server/assets/purescript-CgehgxL8.js                            24.67 kB │ gzip:   3.24 kB
dist/server/assets/one-light-CvVeiyNU.js                             25.29 kB │ gzip:   3.63 kB
dist/server/assets/fsharp-BRKUompB.js                                25.30 kB │ gzip:   4.12 kB
dist/server/assets/marko-PpS17nS7.js                                 25.48 kB │ gzip:   3.59 kB
dist/server/assets/c3-CExCpEuf.js                                    25.62 kB │ gzip:   3.85 kB
dist/server/assets/night-owl-light-D4n0Au_H.js                       25.89 kB │ gzip:   4.23 kB
dist/server/assets/system-verilog-BGqvKqAM.js                        26.19 kB │ gzip:   4.82 kB
dist/server/assets/ExploreInput-CmvZlnBc.js                          26.69 kB │ gzip:  10.33 kB
dist/server/assets/nord-DwAGmeNU.js                                  26.72 kB │ gzip:   4.35 kB
dist/server/assets/codeql-DU8HhLaS.js                                26.87 kB │ gzip:   3.79 kB
dist/server/assets/secp256k1-DArez_b1.js                             27.19 kB │ gzip:  11.06 kB
dist/server/assets/scss-BK5q8yAH.js                                  27.25 kB │ gzip:   4.22 kB
dist/server/assets/java-D2LkPDK1.js                                  27.27 kB │ gzip:   4.30 kB
dist/server/assets/coffee-BQzO2xHx.js                                27.42 kB │ gzip:   6.35 kB
dist/server/assets/css-CMKePD0r.js                                   27.43 kB │ gzip:   8.85 kB
dist/server/assets/razor-BVeKxvMR.js                                 27.45 kB │ gzip:   3.54 kB
dist/server/assets/schemas-INwUWHsL.js                               27.84 kB │ gzip:   8.08 kB
dist/server/assets/scala-LrcBn5Um.js                                 28.87 kB │ gzip:   3.92 kB
dist/server/assets/night-owl-D8C5jZkp.js                             28.91 kB │ gzip:   5.14 kB
dist/server/assets/Connectors-Dn7LnPhp.js                            28.98 kB │ gzip:   9.08 kB
dist/server/assets/crystal-rI1wvxhN.js                               29.41 kB │ gzip:   4.44 kB
dist/server/assets/mermaid-BUyp2eNd.js                               29.50 kB │ gzip:   3.64 kB
dist/server/assets/applescript-BNcPoPrm.js                           29.56 kB │ gzip:   5.94 kB
dist/server/assets/pierre-dark-DuJScu2Y.js                           30.51 kB │ gzip:   4.73 kB
dist/server/assets/pierre-light-B3oOiBtq.js                          30.52 kB │ gzip:   4.72 kB
dist/server/assets/pierre-dark-soft-GqN8qyjY.js                      30.52 kB │ gzip:   4.76 kB
dist/server/assets/pierre-light-soft-iYRZeIgE.js                     30.52 kB │ gzip:   4.71 kB
dist/server/assets/corner-down-right-DVxYpAS2.js                     30.67 kB │ gzip:  11.47 kB
dist/server/assets/julia-Cjs_Jxhz.js                                 30.99 kB │ gzip:   4.30 kB
dist/server/assets/stylus-CMSKqnRm.js                                31.06 kB │ gzip:   8.01 kB
dist/server/assets/poimandres-R-vg_DeB.js                            33.49 kB │ gzip:   5.49 kB
dist/server/assets/Storage-Cmuu41kX.js                               33.75 kB │ gzip:   7.50 kB
dist/server/assets/one-dark-pro-QXJSYraE.js                          33.78 kB │ gzip:   5.50 kB
dist/server/assets/bsl-CDwZFuzn.js                                   33.86 kB │ gzip:   8.34 kB
dist/server/assets/rate-limit-CoIHZ8Hu.js                            34.69 kB │ gzip:  13.07 kB
dist/server/assets/haxe-BpmJbCtV.js                                  35.15 kB │ gzip:   5.90 kB
dist/server/assets/nginx-BItrePL9.js                                 35.35 kB │ gzip:   4.45 kB
dist/server/assets/houston-CsUErtlx.js                               35.41 kB │ gzip:   5.76 kB
dist/server/assets/tokyo-night-DX_O1e2f.js                           35.66 kB │ gzip:   6.22 kB
dist/server/assets/erlang-rovLP-vd.js                                37.47 kB │ gzip:   4.36 kB
dist/server/assets/cobol-BCP5fWXB.js                                 39.09 kB │ gzip:  10.89 kB
dist/server/assets/asm-DCnY5EGy.js                                   40.71 kB │ gzip:   8.16 kB
dist/server/assets/haskell-CNMhZWMH.js                               41.48 kB │ gzip:   6.41 kB
dist/server/assets/shellscript-DOHweWJ0.js                           41.53 kB │ gzip:   6.12 kB
dist/server/assets/TxStateDiff--iAERot8.js                           42.21 kB │ gzip:  12.11 kB
dist/server/assets/perl-DV8ST_6F.js                                  43.14 kB │ gzip:   4.64 kB
dist/server/assets/d-Erg_Hisu.js                                     43.78 kB │ gzip:   8.43 kB
dist/server/assets/_hash-4bDBsfQS.js                                 44.63 kB │ gzip:  11.56 kB
dist/server/assets/ruby-B8bi2hgx.js                                  45.83 kB │ gzip:   5.56 kB
dist/server/assets/go-DzzrC6NS.js                                    46.80 kB │ gzip:   5.15 kB
dist/server/assets/apex-DntEOWzn.js                                  46.97 kB │ gzip:   6.72 kB
dist/server/assets/catppuccin-mocha-CuEKwCUc.js                      47.25 kB │ gzip:   7.98 kB
dist/server/assets/catppuccin-latte-DLvqDXOY.js                      47.25 kB │ gzip:   7.98 kB
dist/server/assets/catppuccin-frappe-BKs9uV6O.js                     47.25 kB │ gzip:   7.99 kB
dist/server/assets/catppuccin-macchiato-BqGzT-9i.js                  47.26 kB │ gzip:   7.99 kB
dist/server/assets/ada-Cq6g3mPb.js                                   48.07 kB │ gzip:   5.96 kB
dist/server/assets/exports-CXZ8rXii.js                               49.04 kB │ gzip:  16.67 kB
dist/server/assets/css-BayqtSdg.js                                   49.07 kB │ gzip:  11.94 kB
dist/server/assets/imba-BQsOyJ3E.js                                  49.92 kB │ gzip:   9.47 kB
dist/server/assets/Matches-CkccMbjQ.js                               53.28 kB │ gzip:  16.57 kB
dist/server/assets/everforest-dark-D6Eb14_s.js                       53.74 kB │ gzip:   8.37 kB
dist/server/assets/everforest-light-B9AkvoSp.js                      53.74 kB │ gzip:   8.36 kB
dist/server/assets/simulate-DIzmubHN.js                              55.08 kB │ gzip:  15.65 kB
dist/server/assets/wikitext-nopH8tHg.js                              55.87 kB │ gzip:   4.81 kB
dist/server/assets/stata-QnI9KGfu.js                                 56.99 kB │ gzip:  12.39 kB
dist/server/assets/html-cPfecjLE.js                                  57.31 kB │ gzip:  11.78 kB
dist/server/assets/ballerina-DAvQMcI-.js                             58.68 kB │ gzip:   8.10 kB
dist/server/assets/markdown-BQmCHA3I.js                              59.32 kB │ gzip:   5.66 kB
dist/server/assets/ocaml-B2RjeKBB.js                                 62.44 kB │ gzip:   5.04 kB
dist/server/assets/mojo-ezCjH_8Y.js                                  69.79 kB │ gzip:   9.21 kB
dist/server/assets/python-vhqcnBi-.js                                69.94 kB │ gzip:   9.09 kB
dist/server/assets/c-Dzy9CmyY.js                                     72.16 kB │ gzip:  10.55 kB
dist/server/assets/latex-qcV8kJz4.js                                 72.61 kB │ gzip:   6.68 kB
dist/server/assets/vyper-BGS03acZ.js                                 74.64 kB │ gzip:  10.69 kB
dist/server/assets/vyper-CMNineGH.js                                 74.64 kB │ gzip:  10.69 kB
dist/server/assets/Sphere-DqG-svLr.js                                79.32 kB │ gzip:  29.39 kB
dist/server/assets/hack-QXTsUfen.js                                  80.18 kB │ gzip:  26.27 kB
dist/server/assets/swift-BpqgNh2-.js                                 86.68 kB │ gzip:  14.69 kB
dist/server/assets/fortran-free-form-B6jGtBJh.js                     88.96 kB │ gzip:  11.18 kB
dist/server/assets/csharp-ByzKkDmq.js                                89.68 kB │ gzip:  10.64 kB
dist/server/assets/racket-BRwlCU1N.js                                92.38 kB │ gzip:  15.07 kB
dist/server/assets/less-CUEIg8Hb.js                                  97.62 kB │ gzip:  14.84 kB
dist/server/assets/call-D-RjP462.js                                  97.74 kB │ gzip:  26.06 kB
dist/server/assets/_address-C3WlvX8y.js                             104.72 kB │ gzip:  27.53 kB
dist/server/assets/blade-BcAs4gNn.js                                104.97 kB │ gzip:  28.29 kB
dist/server/assets/objective-c-691Pe-lY.js                          105.40 kB │ gzip:  23.63 kB
dist/server/assets/php-B3pcR3bf.js                                  111.05 kB │ gzip:  28.65 kB
dist/server/assets/wagmi.config-BNYUy5pd.js                         121.04 kB │ gzip:  30.93 kB
dist/server/assets/queries-ecGAOMoG.js                              122.27 kB │ gzip:  36.19 kB
dist/server/assets/esm-DqQROUda.js                                  129.60 kB │ gzip:  42.51 kB
dist/server/assets/asciidoc-BUW9A90d.js                             131.52 kB │ gzip:   9.31 kB
dist/server/assets/mdx-CQtu63aW.js                                  136.10 kB │ gzip:  23.54 kB
dist/server/assets/main-C4JyG-8o.js                                 137.18 kB │ gzip:  47.67 kB
dist/server/assets/tempo-queries-provider-DRo5ISvN.js               157.09 kB │ gzip:  31.92 kB
dist/server/assets/router-DxwU89bd.js                               166.46 kB │ gzip:  56.66 kB
dist/server/assets/objective-cpp-C2_4GXo2.js                        171.96 kB │ gzip:  30.98 kB
dist/server/assets/javascript-Cv0aRPUK.js                           174.88 kB │ gzip:  16.67 kB
dist/server/assets/tsx-CTzMm5rV.js                                  175.59 kB │ gzip:  16.67 kB
dist/server/assets/jsx-g6naBPvv.js                                  177.84 kB │ gzip:  16.76 kB
dist/server/assets/typescript-CfaT1zfz.js                           181.13 kB │ gzip:  16.28 kB
dist/server/assets/angular-ts-UBMTixj1.js                           183.73 kB │ gzip:  16.78 kB
dist/server/assets/vue-vine-lMgCyyhP.js                             190.05 kB │ gzip:  18.07 kB
dist/server/assets/wolfram-DUaNmLn2.js                              262.38 kB │ gzip:  77.63 kB
dist/server/assets/_hash-CkP56IGa.js                                288.13 kB │ gzip:  73.70 kB
dist/server/index.js                                                302.24 kB │ gzip:  94.45 kB
dist/server/assets/utils-DPpH1GKL.js                                348.21 kB │ gzip:  73.37 kB
dist/server/assets/dist-Ctl_ece3.js                                 520.46 kB │ gzip: 151.30 kB
dist/server/assets/wasm-D1hZXj-X.js                                 622.32 kB │ gzip: 232.09 kB
dist/server/assets/cpp-B3I_LqXH.js                                  626.12 kB │ gzip:  48.09 kB
dist/server/assets/ContractCodeView-DZWYeh9u.js                     632.26 kB │ gzip: 173.15 kB
dist/server/assets/emacs-lisp-DVa-6evc.js                           779.84 kB │ gzip: 197.53 kB

✓ built in 1.96s
