OPEN Explore - Tempo Skip to content
Testnet
Simulate
…
Search
Explore
Discover
Account
Contract
Receipt
Blocks
Tokens
Ab
URL preserves recent history PASS
OPEN Explore - Tempo Skip to content
Testnet
Simulate
…
Search
Explore
Discover
Account
Contract
Receipt
Blocks
Tokens
Ab
raw address PASS
OPEN Explore - Tempo Skip to content
Testnet
Search
Explore
Discover
Account
Contract
Receipt
Blocks
Tokens
About
Docs
Gi
mobile PASS
OPEN Explore - Tempo Skip to content
Testnet
Simulate
…
Search
Explore
Discover
Account
Contract
Receipt
Blocks
Tokens
Ab
server redirect PASS
OPEN Explore - Tempo Skip to content
Testnet
Simulate
…
Search
Explore
Discover
Account
Contract
Receipt
Blocks
Tokens
Ab
composed individual removal/URL/recent activation PASS
ALL PASS
